******************************************************************************
              TMS320C55x Linker PC v4.4.1                      
******************************************************************************
>> Linked Wed May 23 20:06:24 2018

OUTPUT FILE NAME:   <EQ.out>
ENTRY POINT SYMBOL: "_c_int00"  address: 00028961


MEMORY CONFIGURATION

         name            origin    length      used     unused   attr    fill
                        (bytes)   (bytes)    (bytes)   (bytes)
----------------------  --------  ---------  --------  --------  ----  --------
PAGE 0:
  MMR                   00000000   000000c0  00000000  000000c0  RWIX
  DARAM0                000000c0   0000ff40  00007194  00008dac  RWIX
  SARAM0                00010000   00010000  00000000  00010000  RWIX
  SARAM1                00020000   00020000  00008a8f  00017571  RWIX
  SARAM2                00040000   0000fe00  00000378  0000fa88  RWIX
  VECS                  0004fe00   00000200  00000200  00000000  RWIX
  PDROM                 00ff8000   00008000  00000000  00008000  R IX

PAGE 2:
  IOPORT                00000000   00020000  00000000  00020000  RWI 


SECTION ALLOCATION MAP
(Addresses surrounded by []'s are displayed for convenience only!)

output                                                          attributes/
section   page  orgn(bytes) orgn(words) len(bytes) len(words)   input sections
--------  ----  ----------- ----------- ---------- ----------   --------------
.pinit       0   [ 00040000 ]  00020000          *   00000000   UNINITIALIZED

.stack       0   [ 000000c0 ]  00000060          *   00001000   UNINITIALIZED
                 [ 000000c0 ]  00000060          *   00001000   --HOLE--

.data        0   [ 000000c0 ]  00000060          *   00000000   UNINITIALIZED

.sysstack 
*            0   [ 000020c0 ]  00001060          *   00000800   UNINITIALIZED
                 [ 000020c0 ]  00001060          *   00000800   --HOLE--

.sysmem      0   [ 000030c0 ]  00001860          *   00001000   UNINITIALIZED
                 [ 000030c0 ]  00001860          *   00001000   --HOLE--

.bss.1       0   [ 000050c0 ]  00002860          *   00000d41   UNINITIALIZED
                 [ 000050c0 ]  00002860          *   00000630   main.obj (.bss)
                 [ 00005d20 ]  00002e90          *   00000408   ezdsp5535_aic3204_dma.obj (.bss)
                 [ 00006530 ]  00003298          *   00000119   rts55x.lib : defs.obj (.bss)
                 [ 00006762 ]  000033b1          *   000000d0              : trgdrv.obj (.bss)
                 [ 00006902 ]  00003481          *   00000001              : fopen.obj (.bss)
                 [ 00006904 ]  00003482          *   00000084   cslVC5505.lib : csl_intc.obj (.bss)
                 [ 00006a0c ]  00003506          *   00000071   rts55x.lib : lowlev.obj (.bss)
                 [ 00006aee ]  00003577          *   0000002a   cslVC5505.lib : csl_i2s.obj (.bss)

.bss.2       0   [ 00006b44 ]  000035a2          *   00000030   UNINITIALIZED
                 [ 00006b44 ]  000035a2          *   00000012   cslVC5505.lib : csl_i2c.obj (.bss)
                 [ 00006b68 ]  000035b4          *   00000008   ezdsp5535bsl.lib : ezdsp5535_sar.obj (.bss)
                 [ 00006b78 ]  000035bc          *   00000006   rts55x.lib : memory.obj (.bss)
                 [ 00006b84 ]  000035c2          *   00000004   ezdsp5535bsl.lib : ezdsp5535_gpio.obj (.bss)
                 [ 00006b8c ]  000035c6          *   00000004   rts55x.lib : _lock.obj (.bss)
                 [ 00006b94 ]  000035ca          *   00000004              : exit.obj (.bss)
                 [ 00006b9c ]  000035ce          *   00000002   aic3204.obj (.bss)
                 [ 00006ba0 ]  000035d0          *   00000002   ezdsp5535bsl.lib : ezdsp5535_i2s.obj (.bss)

.const.1     0   [ 00006ba4 ]  000035d2          *   00000319   
                 [ 00006ba4 ]  000035d2          *   00000174   aic3204_init.obj (.const:.string)
                 [ 00006e8c ]  00003746          *   00000101   rts55x.lib : ctype.obj (.const:__ctypes_)
                 [ 0000708e ]  00003847          *   00000060   print_number.obj (.const:_consolas_8ptBitmaps)
                 [ 0000714e ]  000038a7          *   00000001   print_number.obj (.const)
                 [ 00007150 ]  000038a8          *   00000024   rts55x.lib : _printfi.obj (.const:.string)
                 [ 00007198 ]  000038cc          *   0000001f   main.obj (.const:.string)

.const.2     0   [ 000071d8 ]  000038ec          *   00000040   
                 [ 000071d8 ]  000038ec          *   00000010   main.obj (.const)
                 [ 000071f8 ]  000038fc          *   0000000c   rts55x.lib : _printfi.obj (.const)
                 [ 00007210 ]  00003908          *   00000008              : divd.obj (.const:_initial_approx$1)
                 [ 00007220 ]  00003910          *   00000008              : ceil.obj (.const)
                 [ 00007230 ]  00003918          *   00000006   processing.obj (.const)
                 [ 0000723c ]  0000391e          *   00000006   rts55x.lib : modf.obj (.const)
                 [ 00007248 ]  00003924          *   00000004   main.obj (.const:_$P$T0$1)
                 [ 00007250 ]  00003928          *   00000002   rts55x.lib : fputs.obj (.const:.string)
                 [ 00007254 ]  0000392a          *   00000002              : fltlid.obj (.const)

.text        0     00020000  [ 00010000 ] 00008a8f          *   
                   00020000  [ 00010000 ] 000015a4          *   rts55x.lib : _printfi.obj (.text)
                   000215a4  [ 00010ad2 ] 00000c3c          *   cslVC5505.lib : csl_i2c.obj (.text)
                   000221e0  [ 000110f0 ] 00000b18          *                 : csl_sar.obj (.text)
                   00022cf8  [ 0001167c ] 000009f3          *                 : csl_i2s.obj (.text)
                   000236eb  [ 00011b75+] 0000068d          *                 : csl_gpio.obj (.text)
                   00023d78  [ 00011ebc ] 000005b5          *   aic3204_init.obj (.text)
                   0002432d  [ 00012196+] 00000554          *   cslVC5505.lib : csl_intc.obj (.text)
                   00024881  [ 00012440+] 00000543          *   rts55x.lib : lowlev.obj (.text)
                   00024dc4  [ 000126e2 ] 00000528          *              : trgdrv.obj (.text)
                   000252ec  [ 00012976 ] 000004b5          *              : memory.obj (.text)
                   000257a1  [ 00012bd0+] 00000446          *   main.obj (.text)
                   00025be7  [ 00012df3+] 000003cc          *   rts55x.lib : divd.obj (.text)
                   00025fb3  [ 00012fd9+] 0000031b          *   ezdsp5535_aic3204_dma.obj (.text)
                   000262ce  [ 00013167 ] 000002d2          *   print_number.obj (.text)
                   000265a0  [ 000132d0 ] 000002a9          *   processing.obj (.text)
                   00026849  [ 00013424+] 0000027f          *   rts55x.lib : fopen.obj (.text)
                   00026ac8  [ 00013564 ] 0000025e          *              : llmpy.obj (.text)
                   00026d26  [ 00013693 ] 0000025a          *              : addd.obj (.text)
                   00026f80  [ 000137c0 ] 000001ea          *              : cmpd.obj (.text)
                   0002716a  [ 000138b5 ] 00000192          *   ezdsp5535bsl.lib : ezdsp5535_lcd.obj (.text)
                   000272fc  [ 0001397e ] 0000017a          *                    : ezdsp5535_sar.obj (.text)
                   00027476  [ 00013a3b ] 00000163          *   rts55x.lib : fputs.obj (.text)
                   000275d9  [ 00013aec+] 0000014c          *              : mpyd.obj (.text)
                   00027725  [ 00013b92+] 00000120          *   iir.obj (.text)
                   00027845  [ 00013c22+] 00000107          *   ezdsp5535bsl.lib : ezdsp5535_i2s.obj (.text)
                   0002794c  [ 00013ca6 ] 000000e6          *   rts55x.lib : setvbuf.obj (.text)
                   00027a32  [ 00013d19 ] 000000dd          *              : _io_perm.obj (.text)
                   00027b0f  [ 00013d87+] 000000cc          *   ezdsp5535_aic3204_dma.obj (.text:retain)
                   00027bdb  [ 00013ded+] 000000c3          *   aic3204.obj (.text)
                   00027c9e  [ 00013e4f ] 000000c2          *   rts55x.lib : fflush.obj (.text)
                   00027d60  [ 00013eb0 ] 000000bf          *              : modf.obj (.text)
                   00027e1f  [ 00013f0f+] 000000ba          *              : trgmsg.obj (.text:CIO_breakpoint)
                   00027ed9  [ 00013f6c+] 000000a6          *              : fputc.obj (.text)
                   00027f7f  [ 00013fbf+] 000000a1          *              : divul.obj (.text)
                   00028020  [ 00014010 ] 0000008e          *   ezdsp5535bsl.lib : ezdsp5535_i2c.obj (.text)
                   000280ae  [ 00014057 ] 0000008c          *   cslVC5505.lib : csl_irqplug.obj (.text)
                   0002813a  [ 0001409d ] 0000008a          *   rts55x.lib : ceil.obj (.text)
                   000281c4  [ 000140e2 ] 00000087          *   ezdsp5535bsl.lib : ezdsp5535_gpio.obj (.text)
                   0002824b  [ 00014125+] 0000007d          *   rts55x.lib : ltoa.obj (.text)
                   000282c8  [ 00014164 ] 0000007b          *              : fclose.obj (.text)
                   00028343  [ 000141a1+] 00000076          *              : frcmpyd.obj (.text)
                   000283b9  [ 000141dc+] 00000073          *              : frcmpyd_div.obj (.text)
                   0002842c  [ 00014216 ] 00000072          *              : remul.obj (.text)
                   0002849e  [ 0001424f ] 0000006f          *              : fixdli.obj (.text)
                   0002850d  [ 00014286+] 0000006d          *   cslVC5505.lib : vectors.obj (.text)
                   0002857a  [ 000142bd ] 0000006d          *   rts55x.lib : trgmsg.obj (.text)
                   000285e7  [ 000142f3+] 0000006b          *              : fseek.obj (.text)
                   00028652  [ 00014329 ] 00000067          *              : fltlid.obj (.text)
                   000286b9  [ 0001435c+] 0000005c          *              : atoi.obj (.text)
                   00028715  [ 0001438a+] 00000054          *   ezdsp5535bsl.lib : ezdsp5535.obj (.text)
                   00028769  [ 000143b4+] 00000050          *   rts55x.lib : printf.obj (.text)
                   000287b9  [ 000143dc+] 0000004d          *              : autoinit.obj (.text)
                   00028806  [ 00014403 ] 0000004b          *              : args_main.obj (.text)
                   00028851  [ 00014428+] 0000004b          *              : remli.obj (.text)
                   0002889c  [ 0001444e ] 00000048          *              : divli.obj (.text)
                   000288e4  [ 00014472 ] 0000003f          *              : memcpy.obj (.text)
                   00028923  [ 00014491+] 0000003e          *              : exit.obj (.text)
                   00028961  [ 000144b0+] 00000034          *              : boot.obj (.text)
                   00028995  [ 000144ca+] 0000002a          *              : fixdi.obj (.text)
                   000289bf  [ 000144df+] 0000002a          *              : udiv.obj (.text)
                   000289e9  [ 000144f4+] 00000023          *              : memccpy.obj (.text)
                   00028a0c  [ 00014506 ] 0000001a          *              : isinf.obj (.text)
                   00028a26  [ 00014513 ] 00000014          *              : subd.obj (.text)
                   00028a3a  [ 0001451d ] 00000013          *              : lmpy.obj (.text)
                   00028a4d  [ 00014526+] 00000012          *              : _lock.obj (.text)
                   00028a5f  [ 0001452f+] 00000010          *              : negd.obj (.text)
                   00028a6f  [ 00014537+] 0000000c          *              : fltid.obj (.text)
                   00028a7b  [ 0001453d+] 0000000a          *              : remove.obj (.text)
                   00028a85  [ 00014542+] 00000007          *              : exit.obj (.text:CIO_breakpoint)
                   00028a8c  [ 00014546 ] 00000002          *              : vectors.obj (.text)
                   00028a8e  [ 00014547 ] 00000001          *   --HOLE-- [fill = 20]

.cio         0   [ 00040000 ]  00020000          *   00000120   UNINITIALIZED
                 [ 00040000 ]  00020000          *   00000120   rts55x.lib : trgmsg.obj (.cio)

.cinit       0   [ 00040240 ]  00020120          *   00000088   
                 [ 00040240 ]  00020120          *   0000002d   rts55x.lib : lowlev.obj (.cinit)
                 [ 0004029a ]  0002014d          *   0000002a              : defs.obj (.cinit)
                 [ 000402ee ]  00020177          *   0000000c   ezdsp5535bsl.lib : ezdsp5535_sar.obj (.cinit)
                 [ 00040306 ]  00020183          *   0000000a   rts55x.lib : _lock.obj (.cinit)
                 [ 0004031a ]  0002018d          *   0000000a              : exit.obj (.cinit)
                 [ 0004032e ]  00020197          *   00000008   cslVC5505.lib : csl_i2s.obj (.cinit)
                 [ 0004033e ]  0002019f          *   00000004   rts55x.lib : fopen.obj (.cinit)
                 [ 00040346 ]  000201a3          *   00000004              : memory.obj (.cinit)
                 [ 0004034e ]  000201a7          *   00000001   --HOLE-- [fill = 0]

.switch      0   [ 00040350 ]  000201a8          *   00000014   
                 [ 00040350 ]  000201a8          *   00000014   print_number.obj (.switch:_printChar)

vectors      0     0004fe00  [ 00027f00 ] 00000200          *   
                   0004fe00  [ 00027f00 ] 00000100          *   cslVC5505.lib : vectors.obj (vectors)
                   0004ff00  [ 00027f80 ] 00000100          *   rts55x.lib : vectors.obj (vectors)


GLOBAL SYMBOLS: SORTED ALPHABETICALLY BY Name 

abs. value/
byte addr   word addr   name
---------   ---------   ----
00000002                $TI_capability$C5500$CallingConvention
00000002                $TI_capability$C5500$MemoryModel
00000001                $TI_capability_requires_rev3
ffffffff                .bss
ffffffff                .data
ffffffff                .text
00028a86                C$$EXIT
00027ed4                C$$IO$$
00028a3a                I$$LMPY
000289bf                I$$UDIV
000289d4                I$$UMOD
0004fe00                RST
00027bdb                _AIC3204_rget
00027c26                _AIC3204_rset
            00002e98    _DMA_InputL
            00002f98    _DMA_InputR
            00003098    _DMA_OutputL
            00003198    _DMA_OutputR
0002822d                _EZDSP5535_GPIO_getInput
000281c4                _EZDSP5535_GPIO_init
000281ef                _EZDSP5535_GPIO_setDirection
00028213                _EZDSP5535_GPIO_setOutput
00028020                _EZDSP5535_I2C_init
00028086                _EZDSP5535_I2C_read
00028055                _EZDSP5535_I2C_reset
00028060                _EZDSP5535_I2C_write
0002793a                _EZDSP5535_I2S_close
00027845                _EZDSP5535_I2S_init
0002789e                _EZDSP5535_I2S_readLeft
000278fd                _EZDSP5535_I2S_readRight
000278d0                _EZDSP5535_I2S_writeLeft
0002791e                _EZDSP5535_I2S_writeRight
000271dd                _EZDSP5535_OSD9616_init
00027192                _EZDSP5535_OSD9616_multiSend
000272bf                _EZDSP5535_OSD9616_printLetter
0002716a                _EZDSP5535_OSD9616_send
000273c2                _EZDSP5535_SAR_getKey
000272fc                _EZDSP5535_SAR_init
0002875b                _EZDSP5535_init
00028715                _EZDSP5535_wait
00028749                _EZDSP5535_waitusec
00023bd6                _GPIO_clearInt
0002372f                _GPIO_close
00023753                _GPIO_config
00023986                _GPIO_configBit
00023ace                _GPIO_disableInt
00023b4c                _GPIO_enableInt
000237d8                _GPIO_getConfig
000236eb                _GPIO_open
00023860                _GPIO_read
00023ce9                _GPIO_reset
00023c62                _GPIO_statusBit
000238e3                _GPIO_write
            000035c2    _GpioObj
0002528e                _HOSTclock
00025223                _HOSTclose
0002516e                _HOSTlseek
000250cf                _HOSTopen
00025042                _HOSTread
00024f94                _HOSTrename
00024f36                _HOSTtime
00024ecc                _HOSTunlink
00024e3f                _HOSTwrite
0002164d                _I2C_config
00022018                _I2C_eventDisable
00021ee4                _I2C_eventEnable
000217b2                _I2C_getConfig
000221c4                _I2C_getEventId
000215a4                _I2C_init
00021cc6                _I2C_read
00022137                _I2C_setCallback
00021888                _I2C_setup
00021a82                _I2C_write
0002312d                _I2S_close
00022cf8                _I2S_open
000231df                _I2S_read
000235ef                _I2S_reset
00022e3f                _I2S_setup
000236a0                _I2S_transEnable
00023499                _I2S_write
000243c7                _IRQ_clear
00024431                _IRQ_clearAll
00024441                _IRQ_config
00024567                _IRQ_disable
000245e5                _IRQ_disableAll
000245f3                _IRQ_enable
000246ed                _IRQ_getArg
000244d4                _IRQ_getConfig
0002483b                _IRQ_globalDisable
00024854                _IRQ_globalEnable
0002486d                _IRQ_globalRestore
0002432d                _IRQ_init
00024766                _IRQ_map
000280ae                _IRQ_plug
0002467d                _IRQ_restore
00024733                _IRQ_setArg
00024798                _IRQ_setVecs
000247c9                _IRQ_test
0004ff00                _Reset
00022763                _SAR_A2DMeasParamSet
00022bdd                _SAR_GPODirSet
000222da                _SAR_chanClose
0002235e                _SAR_chanConfig
0002265a                _SAR_chanCycSet
0002225d                _SAR_chanInit
00022278                _SAR_chanOpen
00022446                _SAR_chanSetup
0002223d                _SAR_deInit
000223d4                _SAR_getConfig
00022cb9                _SAR_getStatus
000221e0                _SAR_init
00022722                _SAR_readData
000226a9                _SAR_startConversion
000226db                _SAR_stopConversion
            000035b8    _SarHandle
            000035b4    _SarObj
0004fe00                _VECSTART
            00020000    __CIOBUF_
000242d4                __I2S_init
            00001060    __STACK_END
00002000                __STACK_SIZE
00002000                __SYSMEM_SIZE
00001000                __SYSSTACK_SIZE
00000001                __TI_args_main
ffffffff                ___binit__
ffffffff                ___bss__
ffffffff                ___c_args__
            00020120    ___cinit__
ffffffff                ___data__
ffffffff                ___edata__
ffffffff                ___end__
ffffffff                ___etext__
00028a0c                ___isinf
ffffffff                ___pinit__
ffffffff                ___text__
00026d26                __addd
00028806                __args_main
0002696a                __cleanup
            000035ca    __cleanup_ptr
00027112                __cmpd
            00003746    __ctypes_
00025be7                __divd
0002889c                __divli
00026cf1                __divlli
000289bf                __divu
00027f7f                __divul
00026bfd                __divull
00027c9e                __doflush
            000035cc    __dtors_ptr
000270de                __eqld
00028995                __fixdi
0002849e                __fixdli
00028a6f                __fltid
00028652                __fltlid
00028343                __frcmpyd
000283b9                __frcmpyd_div
            000033b0    __ft_end
            00003298    __ftable
00027094                __geqd
00027049                __gtrd
00026ffc                __leqd
            000035c6    __lock
00026fb4                __lssd
000275d9                __mpyd
00028a3a                __mpyli
00026b45                __mpylli
00028a5f                __negd
00026f80                __neqd
00028a5d                __nop
00021362                __printfi
00027ab2                __rd_ok
00028a55                __register_lock
00028a4d                __register_unlock
00028851                __remli
00026b16                __remlli
000289d4                __remu
0002842c                __remul
00026ac8                __remull
            00000060    __stack
00028a26                __subd
            00001860    __sys_memory
            00001060    __sysstack
            00003310    __tmpnams
            000035c8    __unlock
00027a32                __wrt_ok
00028a85                _abort
00024cd4                _add_device
00027c73                _aic3204_codec_read
00027c8a                _aic3204_codec_write
00027c62                _aic3204_disable
00025fb3                _aic3204_dma_init
00027c50                _aic3204_hardware_init
00023d78                _aic3204_init
0002613e                _aic3204_read_block
000261f3                _aic3204_write_block
000286b9                _atoi
000287b9                _auto_init
00028961                _c_int00
00026604                _calculatePeekCoeff
000265a0                _calculateShelvingCoeff
0002577b                _calloc
0002813a                _ceil
00025773                _chkheap
0002636c                _clearLCD
00024c61                _close
            00003847    _consolas_8ptBitmaps
            000035ce    _counter1
            000035cf    _counter2
00028923                _exit
000282c8                _fclose
00027d07                _fflush
00024c58                _find_registered_device
00027725                _first_order_IIR
00026a8d                _fopen
00027ed9                _fputc
00027476                _fputs
000252ec                _free
0002571d                _free_memory
000269c4                _freopen
            0000359f    _fsError
000285e7                _fseek
            000035a2    _gI2cObj
00024dc4                _getenv
            000035c4    _hGpio
            000035d0    _hI2s
            000035b2    _i2cHandle
000262ce                _initPrintNumber
            000035ba    _keyCnt1
            000035bb    _keyCnt2
00024bf2                _lseek
0002824b                _ltoa
000257a1                _main
0002541d                _malloc
000256c3                _max_free
000289e9                _memccpy
000288e4                _memcpy
000253b8                _minit
00027d60                _modf
00024b33                _open
            000035a0    _ouError
            000029e0    _output_HP
            00002be0    _output_HP_K025
            00002ce0    _output_HP_K075
            00002960    _output_LP
            00002b60    _output_LP_K025
            00002c60    _output_LP_K075
            00002a60    _output_P1
            00002ae0    _output_P2
            00002d60    _output_P_K025
            00002de0    _output_P_K075
            00002e60    _peekCoeff
            00002e6e    _peekCoeff1
            00002e74    _peekCoeff2
            000035b7    _preKey
            00002e8f    _prethodni_taster
0002643a                _printChar
00025b75                _printOnLcd
00028769                _printf
00027ed9                _putc
00027f70                _putchar
000275ab                _puts
00024a85                _read
0002857a                _readmsg
00025512                _realloc
00028a7b                _remove
00024a4f                _remove_device
000249f6                _rename
            00002860    _sampleBufferL
            000028e0    _sampleBufferR
0002778c                _second_order_IIR
00026418                _setWritePointerToFirstChar
00023f69                _set_sampling_frequency_and_gain
0002794c                _setvbuf
            00002e6a    _shelvingCoeff_HP
            00002e66    _shelvingCoeff_LP
000266be                _shelvingHP
00026745                _shelvingLP
000267c2                _shelvingPeek
            000038a7    _sign_width
            00002e8e    _taster
000249c3                _unlink
00024881                _write
00027e1f                _writemsg
            00002e7e    _x_history_H
            00002e7a    _x_history_L
            00002e82    _x_history_P1
            00002e88    _x_history_P2
            00002e80    _y_history_H
            00002e7c    _y_history_L
            00002e85    _y_history_P1
            00002e8b    _y_history_P2
ffffffff                binit
            00020120    cinit
ffffffff                edata
ffffffff                end
ffffffff                etext
ffffffff                pinit


GLOBAL SYMBOLS: SORTED BY Symbol Address 

abs. value/
byte addr   word addr   name
---------   ---------   ----
00000001                $TI_capability_requires_rev3
00000001                __TI_args_main
00000002                $TI_capability$C5500$CallingConvention
00000002                $TI_capability$C5500$MemoryModel
            00000060    __stack
00001000                __SYSSTACK_SIZE
00002000                __STACK_SIZE
00002000                __SYSMEM_SIZE
            00001060    __STACK_END
            00001060    __sysstack
            00001860    __sys_memory
            00002860    _sampleBufferL
            000028e0    _sampleBufferR
            00002960    _output_LP
            000029e0    _output_HP
            00002a60    _output_P1
            00002ae0    _output_P2
            00002b60    _output_LP_K025
            00002be0    _output_HP_K025
            00002c60    _output_LP_K075
            00002ce0    _output_HP_K075
            00002d60    _output_P_K025
            00002de0    _output_P_K075
            00002e60    _peekCoeff
            00002e66    _shelvingCoeff_LP
            00002e6a    _shelvingCoeff_HP
            00002e6e    _peekCoeff1
            00002e74    _peekCoeff2
            00002e7a    _x_history_L
            00002e7c    _y_history_L
            00002e7e    _x_history_H
            00002e80    _y_history_H
            00002e82    _x_history_P1
            00002e85    _y_history_P1
            00002e88    _x_history_P2
            00002e8b    _y_history_P2
            00002e8e    _taster
            00002e8f    _prethodni_taster
            00002e98    _DMA_InputL
            00002f98    _DMA_InputR
            00003098    _DMA_OutputL
            00003198    _DMA_OutputR
            00003298    __ftable
            00003310    __tmpnams
            000033b0    __ft_end
            0000359f    _fsError
            000035a0    _ouError
            000035a2    _gI2cObj
            000035b2    _i2cHandle
            000035b4    _SarObj
            000035b7    _preKey
            000035b8    _SarHandle
            000035ba    _keyCnt1
            000035bb    _keyCnt2
            000035c2    _GpioObj
            000035c4    _hGpio
            000035c6    __lock
            000035c8    __unlock
            000035ca    __cleanup_ptr
            000035cc    __dtors_ptr
            000035ce    _counter1
            000035cf    _counter2
            000035d0    _hI2s
            00003746    __ctypes_
            00003847    _consolas_8ptBitmaps
            000038a7    _sign_width
00021362                __printfi
000215a4                _I2C_init
0002164d                _I2C_config
000217b2                _I2C_getConfig
00021888                _I2C_setup
00021a82                _I2C_write
00021cc6                _I2C_read
00021ee4                _I2C_eventEnable
00022018                _I2C_eventDisable
00022137                _I2C_setCallback
000221c4                _I2C_getEventId
000221e0                _SAR_init
0002223d                _SAR_deInit
0002225d                _SAR_chanInit
00022278                _SAR_chanOpen
000222da                _SAR_chanClose
0002235e                _SAR_chanConfig
000223d4                _SAR_getConfig
00022446                _SAR_chanSetup
0002265a                _SAR_chanCycSet
000226a9                _SAR_startConversion
000226db                _SAR_stopConversion
00022722                _SAR_readData
00022763                _SAR_A2DMeasParamSet
00022bdd                _SAR_GPODirSet
00022cb9                _SAR_getStatus
00022cf8                _I2S_open
00022e3f                _I2S_setup
0002312d                _I2S_close
000231df                _I2S_read
00023499                _I2S_write
000235ef                _I2S_reset
000236a0                _I2S_transEnable
000236eb                _GPIO_open
0002372f                _GPIO_close
00023753                _GPIO_config
000237d8                _GPIO_getConfig
00023860                _GPIO_read
000238e3                _GPIO_write
00023986                _GPIO_configBit
00023ace                _GPIO_disableInt
00023b4c                _GPIO_enableInt
00023bd6                _GPIO_clearInt
00023c62                _GPIO_statusBit
00023ce9                _GPIO_reset
00023d78                _aic3204_init
00023f69                _set_sampling_frequency_and_gain
000242d4                __I2S_init
0002432d                _IRQ_init
000243c7                _IRQ_clear
00024431                _IRQ_clearAll
00024441                _IRQ_config
000244d4                _IRQ_getConfig
00024567                _IRQ_disable
000245e5                _IRQ_disableAll
000245f3                _IRQ_enable
0002467d                _IRQ_restore
000246ed                _IRQ_getArg
00024733                _IRQ_setArg
00024766                _IRQ_map
00024798                _IRQ_setVecs
000247c9                _IRQ_test
0002483b                _IRQ_globalDisable
00024854                _IRQ_globalEnable
0002486d                _IRQ_globalRestore
00024881                _write
000249c3                _unlink
000249f6                _rename
00024a4f                _remove_device
00024a85                _read
00024b33                _open
00024bf2                _lseek
00024c58                _find_registered_device
00024c61                _close
00024cd4                _add_device
00024dc4                _getenv
00024e3f                _HOSTwrite
00024ecc                _HOSTunlink
00024f36                _HOSTtime
00024f94                _HOSTrename
00025042                _HOSTread
000250cf                _HOSTopen
0002516e                _HOSTlseek
00025223                _HOSTclose
0002528e                _HOSTclock
000252ec                _free
000253b8                _minit
0002541d                _malloc
00025512                _realloc
000256c3                _max_free
0002571d                _free_memory
00025773                _chkheap
0002577b                _calloc
000257a1                _main
00025b75                _printOnLcd
00025be7                __divd
00025fb3                _aic3204_dma_init
0002613e                _aic3204_read_block
000261f3                _aic3204_write_block
000262ce                _initPrintNumber
0002636c                _clearLCD
00026418                _setWritePointerToFirstChar
0002643a                _printChar
000265a0                _calculateShelvingCoeff
00026604                _calculatePeekCoeff
000266be                _shelvingHP
00026745                _shelvingLP
000267c2                _shelvingPeek
0002696a                __cleanup
000269c4                _freopen
00026a8d                _fopen
00026ac8                __remull
00026b16                __remlli
00026b45                __mpylli
00026bfd                __divull
00026cf1                __divlli
00026d26                __addd
00026f80                __neqd
00026fb4                __lssd
00026ffc                __leqd
00027049                __gtrd
00027094                __geqd
000270de                __eqld
00027112                __cmpd
0002716a                _EZDSP5535_OSD9616_send
00027192                _EZDSP5535_OSD9616_multiSend
000271dd                _EZDSP5535_OSD9616_init
000272bf                _EZDSP5535_OSD9616_printLetter
000272fc                _EZDSP5535_SAR_init
000273c2                _EZDSP5535_SAR_getKey
00027476                _fputs
000275ab                _puts
000275d9                __mpyd
00027725                _first_order_IIR
0002778c                _second_order_IIR
00027845                _EZDSP5535_I2S_init
0002789e                _EZDSP5535_I2S_readLeft
000278d0                _EZDSP5535_I2S_writeLeft
000278fd                _EZDSP5535_I2S_readRight
0002791e                _EZDSP5535_I2S_writeRight
0002793a                _EZDSP5535_I2S_close
0002794c                _setvbuf
00027a32                __wrt_ok
00027ab2                __rd_ok
00027bdb                _AIC3204_rget
00027c26                _AIC3204_rset
00027c50                _aic3204_hardware_init
00027c62                _aic3204_disable
00027c73                _aic3204_codec_read
00027c8a                _aic3204_codec_write
00027c9e                __doflush
00027d07                _fflush
00027d60                _modf
00027e1f                _writemsg
00027ed4                C$$IO$$
00027ed9                _fputc
00027ed9                _putc
00027f70                _putchar
00027f7f                __divul
00028020                _EZDSP5535_I2C_init
00028055                _EZDSP5535_I2C_reset
00028060                _EZDSP5535_I2C_write
00028086                _EZDSP5535_I2C_read
000280ae                _IRQ_plug
0002813a                _ceil
000281c4                _EZDSP5535_GPIO_init
000281ef                _EZDSP5535_GPIO_setDirection
00028213                _EZDSP5535_GPIO_setOutput
0002822d                _EZDSP5535_GPIO_getInput
0002824b                _ltoa
000282c8                _fclose
00028343                __frcmpyd
000283b9                __frcmpyd_div
0002842c                __remul
0002849e                __fixdli
0002857a                _readmsg
000285e7                _fseek
00028652                __fltlid
000286b9                _atoi
00028715                _EZDSP5535_wait
00028749                _EZDSP5535_waitusec
0002875b                _EZDSP5535_init
00028769                _printf
000287b9                _auto_init
00028806                __args_main
00028851                __remli
0002889c                __divli
000288e4                _memcpy
00028923                _exit
00028961                _c_int00
00028995                __fixdi
000289bf                I$$UDIV
000289bf                __divu
000289d4                I$$UMOD
000289d4                __remu
000289e9                _memccpy
00028a0c                ___isinf
00028a26                __subd
00028a3a                I$$LMPY
00028a3a                __mpyli
00028a4d                __register_unlock
00028a55                __register_lock
00028a5d                __nop
00028a5f                __negd
00028a6f                __fltid
00028a7b                _remove
00028a85                _abort
00028a86                C$$EXIT
            00020000    __CIOBUF_
            00020120    ___cinit__
            00020120    cinit
0004fe00                RST
0004fe00                _VECSTART
0004ff00                _Reset
ffffffff                .bss
ffffffff                .data
ffffffff                .text
ffffffff                ___binit__
ffffffff                ___bss__
ffffffff                ___c_args__
ffffffff                ___data__
ffffffff                ___edata__
ffffffff                ___end__
ffffffff                ___etext__
ffffffff                ___pinit__
ffffffff                ___text__
ffffffff                binit
ffffffff                edata
ffffffff                end
ffffffff                etext
ffffffff                pinit

[297 symbols]
