<?xml version="1.0"?>
<link_info>
   <banner>TMS320C55x Linker PC v4.4.1</banner>
   <copyright>Copyright (c) 1996-2012 Texas Instruments Incorporated</copyright>
   <link_time>0x5b05ada0</link_time>
   <output_file>EQ.out</output_file>
   <entry_point>
      <name>_c_int00</name>
      <address>0x28961</address>
   </entry_point>
   <input_file_list>
      <input_file id="fl-2">
         <path>.\</path>
         <kind>object</kind>
         <file>aic3204.obj</file>
         <name>aic3204.obj</name>
      </input_file>
      <input_file id="fl-3">
         <path>.\</path>
         <kind>object</kind>
         <file>aic3204_init.obj</file>
         <name>aic3204_init.obj</name>
      </input_file>
      <input_file id="fl-4">
         <path>.\</path>
         <kind>object</kind>
         <file>ezdsp5535_aic3204_dma.obj</file>
         <name>ezdsp5535_aic3204_dma.obj</name>
      </input_file>
      <input_file id="fl-5">
         <path>.\</path>
         <kind>object</kind>
         <file>iir.obj</file>
         <name>iir.obj</name>
      </input_file>
      <input_file id="fl-6">
         <path>.\</path>
         <kind>object</kind>
         <file>main.obj</file>
         <name>main.obj</name>
      </input_file>
      <input_file id="fl-7">
         <path>.\</path>
         <kind>object</kind>
         <file>print_number.obj</file>
         <name>print_number.obj</name>
      </input_file>
      <input_file id="fl-8">
         <path>.\</path>
         <kind>object</kind>
         <file>processing.obj</file>
         <name>processing.obj</name>
      </input_file>
      <input_file id="fl-11">
         <path>..\lib\</path>
         <kind>archive</kind>
         <file>ezdsp5535bsl.lib</file>
         <name>ezdsp5535_sar.obj</name>
      </input_file>
      <input_file id="fl-12">
         <path>..\lib\</path>
         <kind>archive</kind>
         <file>ezdsp5535bsl.lib</file>
         <name>ezdsp5535_lcd.obj</name>
      </input_file>
      <input_file id="fl-13">
         <path>..\lib\</path>
         <kind>archive</kind>
         <file>ezdsp5535bsl.lib</file>
         <name>ezdsp5535_i2s.obj</name>
      </input_file>
      <input_file id="fl-14">
         <path>..\lib\</path>
         <kind>archive</kind>
         <file>ezdsp5535bsl.lib</file>
         <name>ezdsp5535_i2c.obj</name>
      </input_file>
      <input_file id="fl-15">
         <path>..\lib\</path>
         <kind>archive</kind>
         <file>ezdsp5535bsl.lib</file>
         <name>ezdsp5535_gpio.obj</name>
      </input_file>
      <input_file id="fl-16">
         <path>..\lib\</path>
         <kind>archive</kind>
         <file>ezdsp5535bsl.lib</file>
         <name>ezdsp5535.obj</name>
      </input_file>
      <input_file id="fl-17">
         <path>..\c55xx_csl\lib\</path>
         <kind>archive</kind>
         <file>cslVC5505.lib</file>
         <name>vectors.obj</name>
      </input_file>
      <input_file id="fl-18">
         <path>..\c55xx_csl\lib\</path>
         <kind>archive</kind>
         <file>cslVC5505.lib</file>
         <name>csl_sar.obj</name>
      </input_file>
      <input_file id="fl-19">
         <path>..\c55xx_csl\lib\</path>
         <kind>archive</kind>
         <file>cslVC5505.lib</file>
         <name>csl_irqplug.obj</name>
      </input_file>
      <input_file id="fl-1a">
         <path>..\c55xx_csl\lib\</path>
         <kind>archive</kind>
         <file>cslVC5505.lib</file>
         <name>csl_intc.obj</name>
      </input_file>
      <input_file id="fl-1b">
         <path>..\c55xx_csl\lib\</path>
         <kind>archive</kind>
         <file>cslVC5505.lib</file>
         <name>csl_i2s.obj</name>
      </input_file>
      <input_file id="fl-1c">
         <path>..\c55xx_csl\lib\</path>
         <kind>archive</kind>
         <file>cslVC5505.lib</file>
         <name>csl_i2c.obj</name>
      </input_file>
      <input_file id="fl-1d">
         <path>..\c55xx_csl\lib\</path>
         <kind>archive</kind>
         <file>cslVC5505.lib</file>
         <name>csl_gpio.obj</name>
      </input_file>
      <input_file id="fl-1e">
         <path>C:\ti\ccsv6\tools\compiler\c5500_4.4.1\lib\</path>
         <kind>archive</kind>
         <file>rts55x.lib</file>
         <name>addd.obj</name>
      </input_file>
      <input_file id="fl-1f">
         <path>C:\ti\ccsv6\tools\compiler\c5500_4.4.1\lib\</path>
         <kind>archive</kind>
         <file>rts55x.lib</file>
         <name>boot.obj</name>
      </input_file>
      <input_file id="fl-20">
         <path>C:\ti\ccsv6\tools\compiler\c5500_4.4.1\lib\</path>
         <kind>archive</kind>
         <file>rts55x.lib</file>
         <name>ceil.obj</name>
      </input_file>
      <input_file id="fl-21">
         <path>C:\ti\ccsv6\tools\compiler\c5500_4.4.1\lib\</path>
         <kind>archive</kind>
         <file>rts55x.lib</file>
         <name>cmpd.obj</name>
      </input_file>
      <input_file id="fl-22">
         <path>C:\ti\ccsv6\tools\compiler\c5500_4.4.1\lib\</path>
         <kind>archive</kind>
         <file>rts55x.lib</file>
         <name>divd.obj</name>
      </input_file>
      <input_file id="fl-23">
         <path>C:\ti\ccsv6\tools\compiler\c5500_4.4.1\lib\</path>
         <kind>archive</kind>
         <file>rts55x.lib</file>
         <name>divul.obj</name>
      </input_file>
      <input_file id="fl-24">
         <path>C:\ti\ccsv6\tools\compiler\c5500_4.4.1\lib\</path>
         <kind>archive</kind>
         <file>rts55x.lib</file>
         <name>exit.obj</name>
      </input_file>
      <input_file id="fl-25">
         <path>C:\ti\ccsv6\tools\compiler\c5500_4.4.1\lib\</path>
         <kind>archive</kind>
         <file>rts55x.lib</file>
         <name>fixdi.obj</name>
      </input_file>
      <input_file id="fl-26">
         <path>C:\ti\ccsv6\tools\compiler\c5500_4.4.1\lib\</path>
         <kind>archive</kind>
         <file>rts55x.lib</file>
         <name>fixdli.obj</name>
      </input_file>
      <input_file id="fl-27">
         <path>C:\ti\ccsv6\tools\compiler\c5500_4.4.1\lib\</path>
         <kind>archive</kind>
         <file>rts55x.lib</file>
         <name>fltid.obj</name>
      </input_file>
      <input_file id="fl-28">
         <path>C:\ti\ccsv6\tools\compiler\c5500_4.4.1\lib\</path>
         <kind>archive</kind>
         <file>rts55x.lib</file>
         <name>fltlid.obj</name>
      </input_file>
      <input_file id="fl-29">
         <path>C:\ti\ccsv6\tools\compiler\c5500_4.4.1\lib\</path>
         <kind>archive</kind>
         <file>rts55x.lib</file>
         <name>frcmpyd_div.obj</name>
      </input_file>
      <input_file id="fl-2a">
         <path>C:\ti\ccsv6\tools\compiler\c5500_4.4.1\lib\</path>
         <kind>archive</kind>
         <file>rts55x.lib</file>
         <name>lmpy.obj</name>
      </input_file>
      <input_file id="fl-2b">
         <path>C:\ti\ccsv6\tools\compiler\c5500_4.4.1\lib\</path>
         <kind>archive</kind>
         <file>rts55x.lib</file>
         <name>modf.obj</name>
      </input_file>
      <input_file id="fl-2c">
         <path>C:\ti\ccsv6\tools\compiler\c5500_4.4.1\lib\</path>
         <kind>archive</kind>
         <file>rts55x.lib</file>
         <name>mpyd.obj</name>
      </input_file>
      <input_file id="fl-2d">
         <path>C:\ti\ccsv6\tools\compiler\c5500_4.4.1\lib\</path>
         <kind>archive</kind>
         <file>rts55x.lib</file>
         <name>printf.obj</name>
      </input_file>
      <input_file id="fl-2e">
         <path>C:\ti\ccsv6\tools\compiler\c5500_4.4.1\lib\</path>
         <kind>archive</kind>
         <file>rts55x.lib</file>
         <name>remul.obj</name>
      </input_file>
      <input_file id="fl-2f">
         <path>C:\ti\ccsv6\tools\compiler\c5500_4.4.1\lib\</path>
         <kind>archive</kind>
         <file>rts55x.lib</file>
         <name>subd.obj</name>
      </input_file>
      <input_file id="fl-30">
         <path>C:\ti\ccsv6\tools\compiler\c5500_4.4.1\lib\</path>
         <kind>archive</kind>
         <file>rts55x.lib</file>
         <name>vectors.obj</name>
      </input_file>
      <input_file id="fl-31">
         <path>C:\ti\ccsv6\tools\compiler\c5500_4.4.1\lib\</path>
         <kind>archive</kind>
         <file>rts55x.lib</file>
         <name>_lock.obj</name>
      </input_file>
      <input_file id="fl-32">
         <path>C:\ti\ccsv6\tools\compiler\c5500_4.4.1\lib\</path>
         <kind>archive</kind>
         <file>rts55x.lib</file>
         <name>_printfi.obj</name>
      </input_file>
      <input_file id="fl-33">
         <path>C:\ti\ccsv6\tools\compiler\c5500_4.4.1\lib\</path>
         <kind>archive</kind>
         <file>rts55x.lib</file>
         <name>args_main.obj</name>
      </input_file>
      <input_file id="fl-34">
         <path>C:\ti\ccsv6\tools\compiler\c5500_4.4.1\lib\</path>
         <kind>archive</kind>
         <file>rts55x.lib</file>
         <name>atoi.obj</name>
      </input_file>
      <input_file id="fl-35">
         <path>C:\ti\ccsv6\tools\compiler\c5500_4.4.1\lib\</path>
         <kind>archive</kind>
         <file>rts55x.lib</file>
         <name>autoinit.obj</name>
      </input_file>
      <input_file id="fl-36">
         <path>C:\ti\ccsv6\tools\compiler\c5500_4.4.1\lib\</path>
         <kind>archive</kind>
         <file>rts55x.lib</file>
         <name>ctype.obj</name>
      </input_file>
      <input_file id="fl-37">
         <path>C:\ti\ccsv6\tools\compiler\c5500_4.4.1\lib\</path>
         <kind>archive</kind>
         <file>rts55x.lib</file>
         <name>defs.obj</name>
      </input_file>
      <input_file id="fl-38">
         <path>C:\ti\ccsv6\tools\compiler\c5500_4.4.1\lib\</path>
         <kind>archive</kind>
         <file>rts55x.lib</file>
         <name>fputc.obj</name>
      </input_file>
      <input_file id="fl-39">
         <path>C:\ti\ccsv6\tools\compiler\c5500_4.4.1\lib\</path>
         <kind>archive</kind>
         <file>rts55x.lib</file>
         <name>fputs.obj</name>
      </input_file>
      <input_file id="fl-3a">
         <path>C:\ti\ccsv6\tools\compiler\c5500_4.4.1\lib\</path>
         <kind>archive</kind>
         <file>rts55x.lib</file>
         <name>frcmpyd.obj</name>
      </input_file>
      <input_file id="fl-3b">
         <path>C:\ti\ccsv6\tools\compiler\c5500_4.4.1\lib\</path>
         <kind>archive</kind>
         <file>rts55x.lib</file>
         <name>isinf.obj</name>
      </input_file>
      <input_file id="fl-3c">
         <path>C:\ti\ccsv6\tools\compiler\c5500_4.4.1\lib\</path>
         <kind>archive</kind>
         <file>rts55x.lib</file>
         <name>llmpy.obj</name>
      </input_file>
      <input_file id="fl-3d">
         <path>C:\ti\ccsv6\tools\compiler\c5500_4.4.1\lib\</path>
         <kind>archive</kind>
         <file>rts55x.lib</file>
         <name>lowlev.obj</name>
      </input_file>
      <input_file id="fl-3e">
         <path>C:\ti\ccsv6\tools\compiler\c5500_4.4.1\lib\</path>
         <kind>archive</kind>
         <file>rts55x.lib</file>
         <name>ltoa.obj</name>
      </input_file>
      <input_file id="fl-3f">
         <path>C:\ti\ccsv6\tools\compiler\c5500_4.4.1\lib\</path>
         <kind>archive</kind>
         <file>rts55x.lib</file>
         <name>memccpy.obj</name>
      </input_file>
      <input_file id="fl-40">
         <path>C:\ti\ccsv6\tools\compiler\c5500_4.4.1\lib\</path>
         <kind>archive</kind>
         <file>rts55x.lib</file>
         <name>memcpy.obj</name>
      </input_file>
      <input_file id="fl-41">
         <path>C:\ti\ccsv6\tools\compiler\c5500_4.4.1\lib\</path>
         <kind>archive</kind>
         <file>rts55x.lib</file>
         <name>negd.obj</name>
      </input_file>
      <input_file id="fl-42">
         <path>C:\ti\ccsv6\tools\compiler\c5500_4.4.1\lib\</path>
         <kind>archive</kind>
         <file>rts55x.lib</file>
         <name>remli.obj</name>
      </input_file>
      <input_file id="fl-43">
         <path>C:\ti\ccsv6\tools\compiler\c5500_4.4.1\lib\</path>
         <kind>archive</kind>
         <file>rts55x.lib</file>
         <name>trgdrv.obj</name>
      </input_file>
      <input_file id="fl-44">
         <path>C:\ti\ccsv6\tools\compiler\c5500_4.4.1\lib\</path>
         <kind>archive</kind>
         <file>rts55x.lib</file>
         <name>trgmsg.obj</name>
      </input_file>
      <input_file id="fl-45">
         <path>C:\ti\ccsv6\tools\compiler\c5500_4.4.1\lib\</path>
         <kind>archive</kind>
         <file>rts55x.lib</file>
         <name>udiv.obj</name>
      </input_file>
      <input_file id="fl-46">
         <path>C:\ti\ccsv6\tools\compiler\c5500_4.4.1\lib\</path>
         <kind>archive</kind>
         <file>rts55x.lib</file>
         <name>_io_perm.obj</name>
      </input_file>
      <input_file id="fl-47">
         <path>C:\ti\ccsv6\tools\compiler\c5500_4.4.1\lib\</path>
         <kind>archive</kind>
         <file>rts55x.lib</file>
         <name>divli.obj</name>
      </input_file>
      <input_file id="fl-48">
         <path>C:\ti\ccsv6\tools\compiler\c5500_4.4.1\lib\</path>
         <kind>archive</kind>
         <file>rts55x.lib</file>
         <name>fflush.obj</name>
      </input_file>
      <input_file id="fl-49">
         <path>C:\ti\ccsv6\tools\compiler\c5500_4.4.1\lib\</path>
         <kind>archive</kind>
         <file>rts55x.lib</file>
         <name>fseek.obj</name>
      </input_file>
      <input_file id="fl-4a">
         <path>C:\ti\ccsv6\tools\compiler\c5500_4.4.1\lib\</path>
         <kind>archive</kind>
         <file>rts55x.lib</file>
         <name>setvbuf.obj</name>
      </input_file>
      <input_file id="fl-4b">
         <path>C:\ti\ccsv6\tools\compiler\c5500_4.4.1\lib\</path>
         <kind>archive</kind>
         <file>rts55x.lib</file>
         <name>fopen.obj</name>
      </input_file>
      <input_file id="fl-4c">
         <path>C:\ti\ccsv6\tools\compiler\c5500_4.4.1\lib\</path>
         <kind>archive</kind>
         <file>rts55x.lib</file>
         <name>memory.obj</name>
      </input_file>
      <input_file id="fl-4d">
         <path>C:\ti\ccsv6\tools\compiler\c5500_4.4.1\lib\</path>
         <kind>archive</kind>
         <file>rts55x.lib</file>
         <name>fclose.obj</name>
      </input_file>
      <input_file id="fl-4e">
         <path>C:\ti\ccsv6\tools\compiler\c5500_4.4.1\lib\</path>
         <kind>archive</kind>
         <file>rts55x.lib</file>
         <name>remove.obj</name>
      </input_file>
   </input_file_list>
   <object_component_list>
      <object_component id="oc-de">
         <name>.text</name>
         <load_address>0x20000</load_address>
         <run_address>0x20000</run_address>
         <size>0x15a4</size>
         <input_file_ref idref="fl-32"/>
      </object_component>
      <object_component id="oc-7b">
         <name>.text</name>
         <load_address>0x215a4</load_address>
         <run_address>0x215a4</run_address>
         <size>0xc3c</size>
         <input_file_ref idref="fl-1c"/>
      </object_component>
      <object_component id="oc-65">
         <name>.text</name>
         <load_address>0x221e0</load_address>
         <run_address>0x221e0</run_address>
         <size>0xb18</size>
         <input_file_ref idref="fl-18"/>
      </object_component>
      <object_component id="oc-74">
         <name>.text</name>
         <load_address>0x22cf8</load_address>
         <run_address>0x22cf8</run_address>
         <size>0x9f3</size>
         <input_file_ref idref="fl-1b"/>
      </object_component>
      <object_component id="oc-81">
         <name>.text</name>
         <load_address>0x236eb</load_address>
         <run_address>0x236eb</run_address>
         <size>0x68d</size>
         <input_file_ref idref="fl-1d"/>
      </object_component>
      <object_component id="oc-18">
         <name>.text</name>
         <load_address>0x23d78</load_address>
         <run_address>0x23d78</run_address>
         <size>0x5b5</size>
         <input_file_ref idref="fl-3"/>
      </object_component>
      <object_component id="oc-6e">
         <name>.text</name>
         <load_address>0x2432d</load_address>
         <run_address>0x2432d</run_address>
         <size>0x554</size>
         <input_file_ref idref="fl-1a"/>
      </object_component>
      <object_component id="oc-10b">
         <name>.text</name>
         <load_address>0x24881</load_address>
         <run_address>0x24881</run_address>
         <size>0x543</size>
         <input_file_ref idref="fl-3d"/>
      </object_component>
      <object_component id="oc-125">
         <name>.text</name>
         <load_address>0x24dc4</load_address>
         <run_address>0x24dc4</run_address>
         <size>0x528</size>
         <input_file_ref idref="fl-43"/>
      </object_component>
      <object_component id="oc-14e">
         <name>.text</name>
         <load_address>0x252ec</load_address>
         <run_address>0x252ec</run_address>
         <size>0x4b5</size>
         <input_file_ref idref="fl-4c"/>
      </object_component>
      <object_component id="oc-2a">
         <name>.text</name>
         <load_address>0x257a1</load_address>
         <run_address>0x257a1</run_address>
         <size>0x446</size>
         <input_file_ref idref="fl-6"/>
      </object_component>
      <object_component id="oc-97">
         <name>.text</name>
         <load_address>0x25be7</load_address>
         <run_address>0x25be7</run_address>
         <size>0x3cc</size>
         <input_file_ref idref="fl-22"/>
      </object_component>
      <object_component id="oc-1e">
         <name>.text</name>
         <load_address>0x25fb3</load_address>
         <run_address>0x25fb3</run_address>
         <size>0x31b</size>
         <input_file_ref idref="fl-4"/>
      </object_component>
      <object_component id="oc-32">
         <name>.text</name>
         <load_address>0x262ce</load_address>
         <run_address>0x262ce</run_address>
         <size>0x2d2</size>
         <input_file_ref idref="fl-7"/>
      </object_component>
      <object_component id="oc-38">
         <name>.text</name>
         <load_address>0x265a0</load_address>
         <run_address>0x265a0</run_address>
         <size>0x2a9</size>
         <input_file_ref idref="fl-8"/>
      </object_component>
      <object_component id="oc-148">
         <name>.text</name>
         <load_address>0x26849</load_address>
         <run_address>0x26849</run_address>
         <size>0x27f</size>
         <input_file_ref idref="fl-4b"/>
      </object_component>
      <object_component id="oc-107">
         <name>.text</name>
         <load_address>0x26ac8</load_address>
         <run_address>0x26ac8</run_address>
         <size>0x25e</size>
         <input_file_ref idref="fl-3c"/>
      </object_component>
      <object_component id="oc-86">
         <name>.text</name>
         <load_address>0x26d26</load_address>
         <run_address>0x26d26</run_address>
         <size>0x25a</size>
         <input_file_ref idref="fl-1e"/>
      </object_component>
      <object_component id="oc-93">
         <name>.text</name>
         <load_address>0x26f80</load_address>
         <run_address>0x26f80</run_address>
         <size>0x1ea</size>
         <input_file_ref idref="fl-21"/>
      </object_component>
      <object_component id="oc-45">
         <name>.text</name>
         <load_address>0x2716a</load_address>
         <run_address>0x2716a</run_address>
         <size>0x192</size>
         <input_file_ref idref="fl-12"/>
      </object_component>
      <object_component id="oc-3e">
         <name>.text</name>
         <load_address>0x272fc</load_address>
         <run_address>0x272fc</run_address>
         <size>0x17a</size>
         <input_file_ref idref="fl-11"/>
      </object_component>
      <object_component id="oc-fa">
         <name>.text</name>
         <load_address>0x27476</load_address>
         <run_address>0x27476</run_address>
         <size>0x163</size>
         <input_file_ref idref="fl-39"/>
      </object_component>
      <object_component id="oc-c4">
         <name>.text</name>
         <load_address>0x275d9</load_address>
         <run_address>0x275d9</run_address>
         <size>0x14c</size>
         <input_file_ref idref="fl-2c"/>
      </object_component>
      <object_component id="oc-25">
         <name>.text</name>
         <load_address>0x27725</load_address>
         <run_address>0x27725</run_address>
         <size>0x120</size>
         <input_file_ref idref="fl-5"/>
      </object_component>
      <object_component id="oc-4a">
         <name>.text</name>
         <load_address>0x27845</load_address>
         <run_address>0x27845</run_address>
         <size>0x107</size>
         <input_file_ref idref="fl-13"/>
      </object_component>
      <object_component id="oc-144">
         <name>.text</name>
         <load_address>0x2794c</load_address>
         <run_address>0x2794c</run_address>
         <size>0xe6</size>
         <input_file_ref idref="fl-4a"/>
      </object_component>
      <object_component id="oc-134">
         <name>.text</name>
         <load_address>0x27a32</load_address>
         <run_address>0x27a32</run_address>
         <size>0xdd</size>
         <input_file_ref idref="fl-46"/>
      </object_component>
      <object_component id="oc-21">
         <name>.text:retain</name>
         <load_address>0x27b0f</load_address>
         <run_address>0x27b0f</run_address>
         <size>0xcc</size>
         <input_file_ref idref="fl-4"/>
      </object_component>
      <object_component id="oc-12">
         <name>.text</name>
         <load_address>0x27bdb</load_address>
         <run_address>0x27bdb</run_address>
         <size>0xc3</size>
         <input_file_ref idref="fl-2"/>
      </object_component>
      <object_component id="oc-13c">
         <name>.text</name>
         <load_address>0x27c9e</load_address>
         <run_address>0x27c9e</run_address>
         <size>0xc2</size>
         <input_file_ref idref="fl-48"/>
      </object_component>
      <object_component id="oc-bf">
         <name>.text</name>
         <load_address>0x27d60</load_address>
         <run_address>0x27d60</run_address>
         <size>0xbf</size>
         <input_file_ref idref="fl-2b"/>
      </object_component>
      <object_component id="oc-12d">
         <name>.text:CIO_breakpoint</name>
         <load_address>0x27e1f</load_address>
         <run_address>0x27e1f</run_address>
         <size>0xba</size>
         <input_file_ref idref="fl-44"/>
      </object_component>
      <object_component id="oc-f6">
         <name>.text</name>
         <load_address>0x27ed9</load_address>
         <run_address>0x27ed9</run_address>
         <size>0xa6</size>
         <input_file_ref idref="fl-38"/>
      </object_component>
      <object_component id="oc-9b">
         <name>.text</name>
         <load_address>0x27f7f</load_address>
         <run_address>0x27f7f</run_address>
         <size>0xa1</size>
         <input_file_ref idref="fl-23"/>
      </object_component>
      <object_component id="oc-50">
         <name>.text</name>
         <load_address>0x28020</load_address>
         <run_address>0x28020</run_address>
         <size>0x8e</size>
         <input_file_ref idref="fl-14"/>
      </object_component>
      <object_component id="oc-6a">
         <name>.text</name>
         <load_address>0x280ae</load_address>
         <run_address>0x280ae</run_address>
         <size>0x8c</size>
         <input_file_ref idref="fl-19"/>
      </object_component>
      <object_component id="oc-8e">
         <name>.text</name>
         <load_address>0x2813a</load_address>
         <run_address>0x2813a</run_address>
         <size>0x8a</size>
         <input_file_ref idref="fl-20"/>
      </object_component>
      <object_component id="oc-55">
         <name>.text</name>
         <load_address>0x281c4</load_address>
         <run_address>0x281c4</run_address>
         <size>0x87</size>
         <input_file_ref idref="fl-15"/>
      </object_component>
      <object_component id="oc-111">
         <name>.text</name>
         <load_address>0x2824b</load_address>
         <run_address>0x2824b</run_address>
         <size>0x7d</size>
         <input_file_ref idref="fl-3e"/>
      </object_component>
      <object_component id="oc-155">
         <name>.text</name>
         <load_address>0x282c8</load_address>
         <run_address>0x282c8</run_address>
         <size>0x7b</size>
         <input_file_ref idref="fl-4d"/>
      </object_component>
      <object_component id="oc-ff">
         <name>.text</name>
         <load_address>0x28343</load_address>
         <run_address>0x28343</run_address>
         <size>0x76</size>
         <input_file_ref idref="fl-3a"/>
      </object_component>
      <object_component id="oc-b7">
         <name>.text</name>
         <load_address>0x283b9</load_address>
         <run_address>0x283b9</run_address>
         <size>0x73</size>
         <input_file_ref idref="fl-29"/>
      </object_component>
      <object_component id="oc-cc">
         <name>.text</name>
         <load_address>0x2842c</load_address>
         <run_address>0x2842c</run_address>
         <size>0x72</size>
         <input_file_ref idref="fl-2e"/>
      </object_component>
      <object_component id="oc-aa">
         <name>.text</name>
         <load_address>0x2849e</load_address>
         <run_address>0x2849e</run_address>
         <size>0x6f</size>
         <input_file_ref idref="fl-26"/>
      </object_component>
      <object_component id="oc-60">
         <name>.text</name>
         <load_address>0x2850d</load_address>
         <run_address>0x2850d</run_address>
         <size>0x6d</size>
         <input_file_ref idref="fl-17"/>
      </object_component>
      <object_component id="oc-12a">
         <name>.text</name>
         <load_address>0x2857a</load_address>
         <run_address>0x2857a</run_address>
         <size>0x6d</size>
         <input_file_ref idref="fl-44"/>
      </object_component>
      <object_component id="oc-140">
         <name>.text</name>
         <load_address>0x285e7</load_address>
         <run_address>0x285e7</run_address>
         <size>0x6b</size>
         <input_file_ref idref="fl-49"/>
      </object_component>
      <object_component id="oc-b2">
         <name>.text</name>
         <load_address>0x28652</load_address>
         <run_address>0x28652</run_address>
         <size>0x67</size>
         <input_file_ref idref="fl-28"/>
      </object_component>
      <object_component id="oc-e8">
         <name>.text</name>
         <load_address>0x286b9</load_address>
         <run_address>0x286b9</run_address>
         <size>0x5c</size>
         <input_file_ref idref="fl-34"/>
      </object_component>
      <object_component id="oc-5b">
         <name>.text</name>
         <load_address>0x28715</load_address>
         <run_address>0x28715</run_address>
         <size>0x54</size>
         <input_file_ref idref="fl-16"/>
      </object_component>
      <object_component id="oc-c8">
         <name>.text</name>
         <load_address>0x28769</load_address>
         <run_address>0x28769</run_address>
         <size>0x50</size>
         <input_file_ref idref="fl-2d"/>
      </object_component>
      <object_component id="oc-ec">
         <name>.text</name>
         <load_address>0x287b9</load_address>
         <run_address>0x287b9</run_address>
         <size>0x4d</size>
         <input_file_ref idref="fl-35"/>
      </object_component>
      <object_component id="oc-e4">
         <name>.text</name>
         <load_address>0x28806</load_address>
         <run_address>0x28806</run_address>
         <size>0x4b</size>
         <input_file_ref idref="fl-33"/>
      </object_component>
      <object_component id="oc-121">
         <name>.text</name>
         <load_address>0x28851</load_address>
         <run_address>0x28851</run_address>
         <size>0x4b</size>
         <input_file_ref idref="fl-42"/>
      </object_component>
      <object_component id="oc-138">
         <name>.text</name>
         <load_address>0x2889c</load_address>
         <run_address>0x2889c</run_address>
         <size>0x48</size>
         <input_file_ref idref="fl-47"/>
      </object_component>
      <object_component id="oc-119">
         <name>.text</name>
         <load_address>0x288e4</load_address>
         <run_address>0x288e4</run_address>
         <size>0x3f</size>
         <input_file_ref idref="fl-40"/>
      </object_component>
      <object_component id="oc-9f">
         <name>.text</name>
         <load_address>0x28923</load_address>
         <run_address>0x28923</run_address>
         <size>0x3e</size>
         <input_file_ref idref="fl-24"/>
      </object_component>
      <object_component id="oc-10">
         <name>.text</name>
         <load_address>0x28961</load_address>
         <run_address>0x28961</run_address>
         <size>0x34</size>
         <input_file_ref idref="fl-1f"/>
      </object_component>
      <object_component id="oc-a6">
         <name>.text</name>
         <load_address>0x28995</load_address>
         <run_address>0x28995</run_address>
         <size>0x2a</size>
         <input_file_ref idref="fl-25"/>
      </object_component>
      <object_component id="oc-130">
         <name>.text</name>
         <load_address>0x289bf</load_address>
         <run_address>0x289bf</run_address>
         <size>0x2a</size>
         <input_file_ref idref="fl-45"/>
      </object_component>
      <object_component id="oc-115">
         <name>.text</name>
         <load_address>0x289e9</load_address>
         <run_address>0x289e9</run_address>
         <size>0x23</size>
         <input_file_ref idref="fl-3f"/>
      </object_component>
      <object_component id="oc-103">
         <name>.text</name>
         <load_address>0x28a0c</load_address>
         <run_address>0x28a0c</run_address>
         <size>0x1a</size>
         <input_file_ref idref="fl-3b"/>
      </object_component>
      <object_component id="oc-d0">
         <name>.text</name>
         <load_address>0x28a26</load_address>
         <run_address>0x28a26</run_address>
         <size>0x14</size>
         <input_file_ref idref="fl-2f"/>
      </object_component>
      <object_component id="oc-bb">
         <name>.text</name>
         <load_address>0x28a3a</load_address>
         <run_address>0x28a3a</run_address>
         <size>0x13</size>
         <input_file_ref idref="fl-2a"/>
      </object_component>
      <object_component id="oc-d8">
         <name>.text</name>
         <load_address>0x28a4d</load_address>
         <run_address>0x28a4d</run_address>
         <size>0x12</size>
         <input_file_ref idref="fl-31"/>
      </object_component>
      <object_component id="oc-11d">
         <name>.text</name>
         <load_address>0x28a5f</load_address>
         <run_address>0x28a5f</run_address>
         <size>0x10</size>
         <input_file_ref idref="fl-41"/>
      </object_component>
      <object_component id="oc-ae">
         <name>.text</name>
         <load_address>0x28a6f</load_address>
         <run_address>0x28a6f</run_address>
         <size>0xc</size>
         <input_file_ref idref="fl-27"/>
      </object_component>
      <object_component id="oc-159">
         <name>.text</name>
         <load_address>0x28a7b</load_address>
         <run_address>0x28a7b</run_address>
         <size>0xa</size>
         <input_file_ref idref="fl-4e"/>
      </object_component>
      <object_component id="oc-a3">
         <name>.text:CIO_breakpoint</name>
         <load_address>0x28a85</load_address>
         <run_address>0x28a85</run_address>
         <size>0x7</size>
         <input_file_ref idref="fl-24"/>
      </object_component>
      <object_component id="oc-d4">
         <name>.text</name>
         <load_address>0x28a8c</load_address>
         <run_address>0x28a8c</run_address>
         <size>0x2</size>
         <input_file_ref idref="fl-30"/>
      </object_component>
      <object_component id="oc-8a">
         <name>.stack</name>
         <uninitialized>true</uninitialized>
         <run_address>0xc0</run_address>
         <size>0x0</size>
         <input_file_ref idref="fl-1f"/>
      </object_component>
      <object_component id="oc-17a">
         <name>.stack</name>
         <uninitialized>true</uninitialized>
         <run_address>0xc0</run_address>
         <size>0x0</size>
      </object_component>
      <object_component id="oc-15d">
         <name>.sysstack</name>
         <uninitialized>true</uninitialized>
         <run_address>0x20c0</run_address>
         <size>0x0</size>
         <input_file_ref idref="fl-1f"/>
      </object_component>
      <object_component id="oc-17c">
         <name>.sysstack</name>
         <uninitialized>true</uninitialized>
         <run_address>0x20c0</run_address>
         <size>0x0</size>
      </object_component>
      <object_component id="oc-2b">
         <name>.bss</name>
         <uninitialized>true</uninitialized>
         <run_address>0x50c0</run_address>
         <size>0xc60</size>
         <input_file_ref idref="fl-6"/>
      </object_component>
      <object_component id="oc-1f">
         <name>.bss</name>
         <uninitialized>true</uninitialized>
         <run_address>0x5d20</run_address>
         <size>0x810</size>
         <input_file_ref idref="fl-4"/>
      </object_component>
      <object_component id="oc-f2">
         <name>.bss</name>
         <uninitialized>true</uninitialized>
         <run_address>0x6530</run_address>
         <size>0x232</size>
         <input_file_ref idref="fl-37"/>
      </object_component>
      <object_component id="oc-126">
         <name>.bss</name>
         <uninitialized>true</uninitialized>
         <run_address>0x6762</run_address>
         <size>0x1a0</size>
         <input_file_ref idref="fl-43"/>
      </object_component>
      <object_component id="oc-149">
         <name>.bss</name>
         <uninitialized>true</uninitialized>
         <run_address>0x6902</run_address>
         <size>0x2</size>
         <input_file_ref idref="fl-4b"/>
      </object_component>
      <object_component id="oc-6f">
         <name>.bss</name>
         <uninitialized>true</uninitialized>
         <run_address>0x6904</run_address>
         <size>0x108</size>
         <input_file_ref idref="fl-1a"/>
      </object_component>
      <object_component id="oc-10c">
         <name>.bss</name>
         <uninitialized>true</uninitialized>
         <run_address>0x6a0c</run_address>
         <size>0xe2</size>
         <input_file_ref idref="fl-3d"/>
      </object_component>
      <object_component id="oc-75">
         <name>.bss</name>
         <uninitialized>true</uninitialized>
         <run_address>0x6aee</run_address>
         <size>0x54</size>
         <input_file_ref idref="fl-1b"/>
      </object_component>
      <object_component id="oc-7c">
         <name>.bss</name>
         <uninitialized>true</uninitialized>
         <run_address>0x6b44</run_address>
         <size>0x24</size>
         <input_file_ref idref="fl-1c"/>
      </object_component>
      <object_component id="oc-3f">
         <name>.bss</name>
         <uninitialized>true</uninitialized>
         <run_address>0x6b68</run_address>
         <size>0x10</size>
         <input_file_ref idref="fl-11"/>
      </object_component>
      <object_component id="oc-14f">
         <name>.bss</name>
         <uninitialized>true</uninitialized>
         <run_address>0x6b78</run_address>
         <size>0xc</size>
         <input_file_ref idref="fl-4c"/>
      </object_component>
      <object_component id="oc-56">
         <name>.bss</name>
         <uninitialized>true</uninitialized>
         <run_address>0x6b84</run_address>
         <size>0x8</size>
         <input_file_ref idref="fl-15"/>
      </object_component>
      <object_component id="oc-d9">
         <name>.bss</name>
         <uninitialized>true</uninitialized>
         <run_address>0x6b8c</run_address>
         <size>0x8</size>
         <input_file_ref idref="fl-31"/>
      </object_component>
      <object_component id="oc-a0">
         <name>.bss</name>
         <uninitialized>true</uninitialized>
         <run_address>0x6b94</run_address>
         <size>0x8</size>
         <input_file_ref idref="fl-24"/>
      </object_component>
      <object_component id="oc-13">
         <name>.bss</name>
         <uninitialized>true</uninitialized>
         <run_address>0x6b9c</run_address>
         <size>0x4</size>
         <input_file_ref idref="fl-2"/>
      </object_component>
      <object_component id="oc-4b">
         <name>.bss</name>
         <uninitialized>true</uninitialized>
         <run_address>0x6ba0</run_address>
         <size>0x4</size>
         <input_file_ref idref="fl-13"/>
      </object_component>
      <object_component id="oc-1a">
         <name>.const:.string</name>
         <load_address>0x6ba4</load_address>
         <run_address>0x6ba4</run_address>
         <size>0x2e8</size>
         <input_file_ref idref="fl-3"/>
      </object_component>
      <object_component id="oc-162">
         <name>.const:__ctypes_</name>
         <load_address>0x6e8c</load_address>
         <run_address>0x6e8c</run_address>
         <size>0x202</size>
         <input_file_ref idref="fl-36"/>
      </object_component>
      <object_component id="oc-160">
         <name>.const:_consolas_8ptBitmaps</name>
         <load_address>0x708e</load_address>
         <run_address>0x708e</run_address>
         <size>0xc0</size>
         <input_file_ref idref="fl-7"/>
      </object_component>
      <object_component id="oc-34">
         <name>.const</name>
         <load_address>0x714e</load_address>
         <run_address>0x714e</run_address>
         <size>0x2</size>
         <input_file_ref idref="fl-7"/>
      </object_component>
      <object_component id="oc-e1">
         <name>.const:.string</name>
         <load_address>0x7150</load_address>
         <run_address>0x7150</run_address>
         <size>0x48</size>
         <input_file_ref idref="fl-32"/>
      </object_component>
      <object_component id="oc-2e">
         <name>.const:.string</name>
         <load_address>0x7198</load_address>
         <run_address>0x7198</run_address>
         <size>0x3e</size>
         <input_file_ref idref="fl-6"/>
      </object_component>
      <object_component id="oc-2d">
         <name>.const</name>
         <load_address>0x71d8</load_address>
         <run_address>0x71d8</run_address>
         <size>0x20</size>
         <input_file_ref idref="fl-6"/>
      </object_component>
      <object_component id="oc-e0">
         <name>.const</name>
         <load_address>0x71f8</load_address>
         <run_address>0x71f8</run_address>
         <size>0x18</size>
         <input_file_ref idref="fl-32"/>
      </object_component>
      <object_component id="oc-161">
         <name>.const:_initial_approx$1</name>
         <load_address>0x7210</load_address>
         <run_address>0x7210</run_address>
         <size>0x10</size>
         <input_file_ref idref="fl-22"/>
      </object_component>
      <object_component id="oc-90">
         <name>.const</name>
         <load_address>0x7220</load_address>
         <run_address>0x7220</run_address>
         <size>0x10</size>
         <input_file_ref idref="fl-20"/>
      </object_component>
      <object_component id="oc-3a">
         <name>.const</name>
         <load_address>0x7230</load_address>
         <run_address>0x7230</run_address>
         <size>0xc</size>
         <input_file_ref idref="fl-8"/>
      </object_component>
      <object_component id="oc-c1">
         <name>.const</name>
         <load_address>0x723c</load_address>
         <run_address>0x723c</run_address>
         <size>0xc</size>
         <input_file_ref idref="fl-2b"/>
      </object_component>
      <object_component id="oc-15e">
         <name>.const:_$P$T0$1</name>
         <load_address>0x7248</load_address>
         <run_address>0x7248</run_address>
         <size>0x8</size>
         <input_file_ref idref="fl-6"/>
      </object_component>
      <object_component id="oc-fc">
         <name>.const:.string</name>
         <load_address>0x7250</load_address>
         <run_address>0x7250</run_address>
         <size>0x4</size>
         <input_file_ref idref="fl-39"/>
      </object_component>
      <object_component id="oc-b4">
         <name>.const</name>
         <load_address>0x7254</load_address>
         <run_address>0x7254</run_address>
         <size>0x4</size>
         <input_file_ref idref="fl-28"/>
      </object_component>
      <object_component id="oc-152">
         <name>.sysmem</name>
         <uninitialized>true</uninitialized>
         <run_address>0x30c0</run_address>
         <size>0x0</size>
         <input_file_ref idref="fl-4c"/>
      </object_component>
      <object_component id="oc-17b">
         <name>.sysmem</name>
         <uninitialized>true</uninitialized>
         <run_address>0x30c0</run_address>
         <size>0x0</size>
      </object_component>
      <object_component id="oc-15f">
         <name>.switch:_printChar</name>
         <load_address>0x40350</load_address>
         <run_address>0x40350</run_address>
         <size>0x28</size>
         <input_file_ref idref="fl-7"/>
      </object_component>
      <object_component id="oc-10e">
         <name>.cinit</name>
         <load_address>0x40240</load_address>
         <run_address>0x40240</run_address>
         <size>0x5a</size>
         <input_file_ref idref="fl-3d"/>
      </object_component>
      <object_component id="oc-f4">
         <name>.cinit</name>
         <load_address>0x4029a</load_address>
         <run_address>0x4029a</run_address>
         <size>0x54</size>
         <input_file_ref idref="fl-37"/>
      </object_component>
      <object_component id="oc-41">
         <name>.cinit</name>
         <load_address>0x402ee</load_address>
         <run_address>0x402ee</run_address>
         <size>0x18</size>
         <input_file_ref idref="fl-11"/>
      </object_component>
      <object_component id="oc-db">
         <name>.cinit</name>
         <load_address>0x40306</load_address>
         <run_address>0x40306</run_address>
         <size>0x14</size>
         <input_file_ref idref="fl-31"/>
      </object_component>
      <object_component id="oc-a2">
         <name>.cinit</name>
         <load_address>0x4031a</load_address>
         <run_address>0x4031a</run_address>
         <size>0x14</size>
         <input_file_ref idref="fl-24"/>
      </object_component>
      <object_component id="oc-77">
         <name>.cinit</name>
         <load_address>0x4032e</load_address>
         <run_address>0x4032e</run_address>
         <size>0x10</size>
         <input_file_ref idref="fl-1b"/>
      </object_component>
      <object_component id="oc-14b">
         <name>.cinit</name>
         <load_address>0x4033e</load_address>
         <run_address>0x4033e</run_address>
         <size>0x8</size>
         <input_file_ref idref="fl-4b"/>
      </object_component>
      <object_component id="oc-151">
         <name>.cinit</name>
         <load_address>0x40346</load_address>
         <run_address>0x40346</run_address>
         <size>0x8</size>
         <input_file_ref idref="fl-4c"/>
      </object_component>
      <object_component id="oc-12c">
         <name>.cio</name>
         <uninitialized>true</uninitialized>
         <run_address>0x40000</run_address>
         <size>0x240</size>
         <input_file_ref idref="fl-44"/>
      </object_component>
      <object_component id="oc-61">
         <name>vectors</name>
         <load_address>0x4fe00</load_address>
         <run_address>0x4fe00</run_address>
         <size>0x100</size>
         <input_file_ref idref="fl-17"/>
      </object_component>
      <object_component id="oc-11">
         <name>vectors</name>
         <load_address>0x4ff00</load_address>
         <run_address>0x4ff00</run_address>
         <size>0x100</size>
         <input_file_ref idref="fl-30"/>
      </object_component>
      <object_component id="oc-14">
         <name>.debug_info</name>
         <load_address>0x0</load_address>
         <run_address>0x0</run_address>
         <size>0xc6c</size>
         <input_file_ref idref="fl-2"/>
      </object_component>
      <object_component id="oc-19">
         <name>.debug_info</name>
         <load_address>0xc6c</load_address>
         <run_address>0xc6c</run_address>
         <size>0x1bc3</size>
         <input_file_ref idref="fl-3"/>
      </object_component>
      <object_component id="oc-20">
         <name>.debug_info</name>
         <load_address>0x282f</load_address>
         <run_address>0x282f</run_address>
         <size>0x104e</size>
         <input_file_ref idref="fl-4"/>
      </object_component>
      <object_component id="oc-26">
         <name>.debug_info</name>
         <load_address>0x387d</load_address>
         <run_address>0x387d</run_address>
         <size>0x773</size>
         <input_file_ref idref="fl-5"/>
      </object_component>
      <object_component id="oc-2c">
         <name>.debug_info</name>
         <load_address>0x3ff0</load_address>
         <run_address>0x3ff0</run_address>
         <size>0x1539</size>
         <input_file_ref idref="fl-6"/>
      </object_component>
      <object_component id="oc-33">
         <name>.debug_info</name>
         <load_address>0x5529</load_address>
         <run_address>0x5529</run_address>
         <size>0xce9</size>
         <input_file_ref idref="fl-7"/>
      </object_component>
      <object_component id="oc-39">
         <name>.debug_info</name>
         <load_address>0x6212</load_address>
         <run_address>0x6212</run_address>
         <size>0xdc5</size>
         <input_file_ref idref="fl-8"/>
      </object_component>
      <object_component id="oc-40">
         <name>.debug_info</name>
         <load_address>0x6fd7</load_address>
         <run_address>0x6fd7</run_address>
         <size>0x6384</size>
         <input_file_ref idref="fl-11"/>
      </object_component>
      <object_component id="oc-46">
         <name>.debug_info</name>
         <load_address>0xd35b</load_address>
         <run_address>0xd35b</run_address>
         <size>0x5f6b</size>
         <input_file_ref idref="fl-12"/>
      </object_component>
      <object_component id="oc-4c">
         <name>.debug_info</name>
         <load_address>0x132c6</load_address>
         <run_address>0x132c6</run_address>
         <size>0x6979</size>
         <input_file_ref idref="fl-13"/>
      </object_component>
      <object_component id="oc-51">
         <name>.debug_info</name>
         <load_address>0x19c3f</load_address>
         <run_address>0x19c3f</run_address>
         <size>0x65d7</size>
         <input_file_ref idref="fl-14"/>
      </object_component>
      <object_component id="oc-57">
         <name>.debug_info</name>
         <load_address>0x20216</load_address>
         <run_address>0x20216</run_address>
         <size>0x63d2</size>
         <input_file_ref idref="fl-15"/>
      </object_component>
      <object_component id="oc-5c">
         <name>.debug_info</name>
         <load_address>0x265e8</load_address>
         <run_address>0x265e8</run_address>
         <size>0x5896</size>
         <input_file_ref idref="fl-16"/>
      </object_component>
      <object_component id="oc-62">
         <name>.debug_info</name>
         <load_address>0x2be7e</load_address>
         <run_address>0x2be7e</run_address>
         <size>0x1a4</size>
         <input_file_ref idref="fl-17"/>
      </object_component>
      <object_component id="oc-66">
         <name>.debug_info</name>
         <load_address>0x2c022</load_address>
         <run_address>0x2c022</run_address>
         <size>0x6ebb</size>
         <input_file_ref idref="fl-18"/>
      </object_component>
      <object_component id="oc-6b">
         <name>.debug_info</name>
         <load_address>0x32edd</load_address>
         <run_address>0x32edd</run_address>
         <size>0x18e</size>
         <input_file_ref idref="fl-19"/>
      </object_component>
      <object_component id="oc-70">
         <name>.debug_info</name>
         <load_address>0x3306b</load_address>
         <run_address>0x3306b</run_address>
         <size>0x6f61</size>
         <input_file_ref idref="fl-1a"/>
      </object_component>
      <object_component id="oc-76">
         <name>.debug_info</name>
         <load_address>0x39fcc</load_address>
         <run_address>0x39fcc</run_address>
         <size>0x710f</size>
         <input_file_ref idref="fl-1b"/>
      </object_component>
      <object_component id="oc-7d">
         <name>.debug_info</name>
         <load_address>0x410db</load_address>
         <run_address>0x410db</run_address>
         <size>0x7424</size>
         <input_file_ref idref="fl-1c"/>
      </object_component>
      <object_component id="oc-82">
         <name>.debug_info</name>
         <load_address>0x484ff</load_address>
         <run_address>0x484ff</run_address>
         <size>0x6ced</size>
         <input_file_ref idref="fl-1d"/>
      </object_component>
      <object_component id="oc-87">
         <name>.debug_info</name>
         <load_address>0x4f1ec</load_address>
         <run_address>0x4f1ec</run_address>
         <size>0x5ab</size>
         <input_file_ref idref="fl-1e"/>
      </object_component>
      <object_component id="oc-8b">
         <name>.debug_info</name>
         <load_address>0x4f797</load_address>
         <run_address>0x4f797</run_address>
         <size>0xe8</size>
         <input_file_ref idref="fl-1f"/>
      </object_component>
      <object_component id="oc-8f">
         <name>.debug_info</name>
         <load_address>0x4f87f</load_address>
         <run_address>0x4f87f</run_address>
         <size>0x56a</size>
         <input_file_ref idref="fl-20"/>
      </object_component>
      <object_component id="oc-94">
         <name>.debug_info</name>
         <load_address>0x4fde9</load_address>
         <run_address>0x4fde9</run_address>
         <size>0x81f</size>
         <input_file_ref idref="fl-21"/>
      </object_component>
      <object_component id="oc-98">
         <name>.debug_info</name>
         <load_address>0x50608</load_address>
         <run_address>0x50608</run_address>
         <size>0x7e8</size>
         <input_file_ref idref="fl-22"/>
      </object_component>
      <object_component id="oc-9c">
         <name>.debug_info</name>
         <load_address>0x50df0</load_address>
         <run_address>0x50df0</run_address>
         <size>0x534</size>
         <input_file_ref idref="fl-23"/>
      </object_component>
      <object_component id="oc-a1">
         <name>.debug_info</name>
         <load_address>0x51324</load_address>
         <run_address>0x51324</run_address>
         <size>0x5fb</size>
         <input_file_ref idref="fl-24"/>
      </object_component>
      <object_component id="oc-a7">
         <name>.debug_info</name>
         <load_address>0x5191f</load_address>
         <run_address>0x5191f</run_address>
         <size>0x4cf</size>
         <input_file_ref idref="fl-25"/>
      </object_component>
      <object_component id="oc-ab">
         <name>.debug_info</name>
         <load_address>0x51dee</load_address>
         <run_address>0x51dee</run_address>
         <size>0x534</size>
         <input_file_ref idref="fl-26"/>
      </object_component>
      <object_component id="oc-af">
         <name>.debug_info</name>
         <load_address>0x52322</load_address>
         <run_address>0x52322</run_address>
         <size>0x4cf</size>
         <input_file_ref idref="fl-27"/>
      </object_component>
      <object_component id="oc-b3">
         <name>.debug_info</name>
         <load_address>0x527f1</load_address>
         <run_address>0x527f1</run_address>
         <size>0x549</size>
         <input_file_ref idref="fl-28"/>
      </object_component>
      <object_component id="oc-b8">
         <name>.debug_info</name>
         <load_address>0x52d3a</load_address>
         <run_address>0x52d3a</run_address>
         <size>0x53e</size>
         <input_file_ref idref="fl-29"/>
      </object_component>
      <object_component id="oc-bc">
         <name>.debug_info</name>
         <load_address>0x53278</load_address>
         <run_address>0x53278</run_address>
         <size>0xbd</size>
         <input_file_ref idref="fl-2a"/>
      </object_component>
      <object_component id="oc-c0">
         <name>.debug_info</name>
         <load_address>0x53335</load_address>
         <run_address>0x53335</run_address>
         <size>0x50c</size>
         <input_file_ref idref="fl-2b"/>
      </object_component>
      <object_component id="oc-c5">
         <name>.debug_info</name>
         <load_address>0x53841</load_address>
         <run_address>0x53841</run_address>
         <size>0x55b</size>
         <input_file_ref idref="fl-2c"/>
      </object_component>
      <object_component id="oc-c9">
         <name>.debug_info</name>
         <load_address>0x53d9c</load_address>
         <run_address>0x53d9c</run_address>
         <size>0x76c</size>
         <input_file_ref idref="fl-2d"/>
      </object_component>
      <object_component id="oc-cd">
         <name>.debug_info</name>
         <load_address>0x54508</load_address>
         <run_address>0x54508</run_address>
         <size>0x534</size>
         <input_file_ref idref="fl-2e"/>
      </object_component>
      <object_component id="oc-d1">
         <name>.debug_info</name>
         <load_address>0x54a3c</load_address>
         <run_address>0x54a3c</run_address>
         <size>0x4de</size>
         <input_file_ref idref="fl-2f"/>
      </object_component>
      <object_component id="oc-d5">
         <name>.debug_info</name>
         <load_address>0x54f1a</load_address>
         <run_address>0x54f1a</run_address>
         <size>0xbc</size>
         <input_file_ref idref="fl-30"/>
      </object_component>
      <object_component id="oc-da">
         <name>.debug_info</name>
         <load_address>0x54fd6</load_address>
         <run_address>0x54fd6</run_address>
         <size>0x5bc</size>
         <input_file_ref idref="fl-31"/>
      </object_component>
      <object_component id="oc-df">
         <name>.debug_info</name>
         <load_address>0x55592</load_address>
         <run_address>0x55592</run_address>
         <size>0x27bd</size>
         <input_file_ref idref="fl-32"/>
      </object_component>
      <object_component id="oc-e5">
         <name>.debug_info</name>
         <load_address>0x57d4f</load_address>
         <run_address>0x57d4f</run_address>
         <size>0x586</size>
         <input_file_ref idref="fl-33"/>
      </object_component>
      <object_component id="oc-e9">
         <name>.debug_info</name>
         <load_address>0x582d5</load_address>
         <run_address>0x582d5</run_address>
         <size>0x5a4</size>
         <input_file_ref idref="fl-34"/>
      </object_component>
      <object_component id="oc-ed">
         <name>.debug_info</name>
         <load_address>0x58879</load_address>
         <run_address>0x58879</run_address>
         <size>0xcd</size>
         <input_file_ref idref="fl-35"/>
      </object_component>
      <object_component id="oc-f0">
         <name>.debug_info</name>
         <load_address>0x58946</load_address>
         <run_address>0x58946</run_address>
         <size>0x498</size>
         <input_file_ref idref="fl-36"/>
      </object_component>
      <object_component id="oc-f3">
         <name>.debug_info</name>
         <load_address>0x58dde</load_address>
         <run_address>0x58dde</run_address>
         <size>0x57e</size>
         <input_file_ref idref="fl-37"/>
      </object_component>
      <object_component id="oc-f7">
         <name>.debug_info</name>
         <load_address>0x5935c</load_address>
         <run_address>0x5935c</run_address>
         <size>0x6aa</size>
         <input_file_ref idref="fl-38"/>
      </object_component>
      <object_component id="oc-fb">
         <name>.debug_info</name>
         <load_address>0x59a06</load_address>
         <run_address>0x59a06</run_address>
         <size>0x942</size>
         <input_file_ref idref="fl-39"/>
      </object_component>
      <object_component id="oc-100">
         <name>.debug_info</name>
         <load_address>0x5a348</load_address>
         <run_address>0x5a348</run_address>
         <size>0x4d2</size>
         <input_file_ref idref="fl-3a"/>
      </object_component>
      <object_component id="oc-104">
         <name>.debug_info</name>
         <load_address>0x5a81a</load_address>
         <run_address>0x5a81a</run_address>
         <size>0x680</size>
         <input_file_ref idref="fl-3b"/>
      </object_component>
      <object_component id="oc-108">
         <name>.debug_info</name>
         <load_address>0x5ae9a</load_address>
         <run_address>0x5ae9a</run_address>
         <size>0x7d4</size>
         <input_file_ref idref="fl-3c"/>
      </object_component>
      <object_component id="oc-10d">
         <name>.debug_info</name>
         <load_address>0x5b66e</load_address>
         <run_address>0x5b66e</run_address>
         <size>0x144b</size>
         <input_file_ref idref="fl-3d"/>
      </object_component>
      <object_component id="oc-112">
         <name>.debug_info</name>
         <load_address>0x5cab9</load_address>
         <run_address>0x5cab9</run_address>
         <size>0x5ad</size>
         <input_file_ref idref="fl-3e"/>
      </object_component>
      <object_component id="oc-116">
         <name>.debug_info</name>
         <load_address>0x5d066</load_address>
         <run_address>0x5d066</run_address>
         <size>0x574</size>
         <input_file_ref idref="fl-3f"/>
      </object_component>
      <object_component id="oc-11a">
         <name>.debug_info</name>
         <load_address>0x5d5da</load_address>
         <run_address>0x5d5da</run_address>
         <size>0xd1</size>
         <input_file_ref idref="fl-40"/>
      </object_component>
      <object_component id="oc-11e">
         <name>.debug_info</name>
         <load_address>0x5d6ab</load_address>
         <run_address>0x5d6ab</run_address>
         <size>0x4b7</size>
         <input_file_ref idref="fl-41"/>
      </object_component>
      <object_component id="oc-122">
         <name>.debug_info</name>
         <load_address>0x5db62</load_address>
         <run_address>0x5db62</run_address>
         <size>0x4f2</size>
         <input_file_ref idref="fl-42"/>
      </object_component>
      <object_component id="oc-127">
         <name>.debug_info</name>
         <load_address>0x5e054</load_address>
         <run_address>0x5e054</run_address>
         <size>0xed4</size>
         <input_file_ref idref="fl-43"/>
      </object_component>
      <object_component id="oc-12b">
         <name>.debug_info</name>
         <load_address>0x5ef28</load_address>
         <run_address>0x5ef28</run_address>
         <size>0x744</size>
         <input_file_ref idref="fl-44"/>
      </object_component>
      <object_component id="oc-131">
         <name>.debug_info</name>
         <load_address>0x5f66c</load_address>
         <run_address>0x5f66c</run_address>
         <size>0xef</size>
         <input_file_ref idref="fl-45"/>
      </object_component>
      <object_component id="oc-135">
         <name>.debug_info</name>
         <load_address>0x5f75b</load_address>
         <run_address>0x5f75b</run_address>
         <size>0x662</size>
         <input_file_ref idref="fl-46"/>
      </object_component>
      <object_component id="oc-139">
         <name>.debug_info</name>
         <load_address>0x5fdbd</load_address>
         <run_address>0x5fdbd</run_address>
         <size>0x4f2</size>
         <input_file_ref idref="fl-47"/>
      </object_component>
      <object_component id="oc-13d">
         <name>.debug_info</name>
         <load_address>0x602af</load_address>
         <run_address>0x602af</run_address>
         <size>0x706</size>
         <input_file_ref idref="fl-48"/>
      </object_component>
      <object_component id="oc-141">
         <name>.debug_info</name>
         <load_address>0x609b5</load_address>
         <run_address>0x609b5</run_address>
         <size>0x5f7</size>
         <input_file_ref idref="fl-49"/>
      </object_component>
      <object_component id="oc-145">
         <name>.debug_info</name>
         <load_address>0x60fac</load_address>
         <run_address>0x60fac</run_address>
         <size>0x64a</size>
         <input_file_ref idref="fl-4a"/>
      </object_component>
      <object_component id="oc-14a">
         <name>.debug_info</name>
         <load_address>0x615f6</load_address>
         <run_address>0x615f6</run_address>
         <size>0xa1c</size>
         <input_file_ref idref="fl-4b"/>
      </object_component>
      <object_component id="oc-150">
         <name>.debug_info</name>
         <load_address>0x62012</load_address>
         <run_address>0x62012</run_address>
         <size>0xb97</size>
         <input_file_ref idref="fl-4c"/>
      </object_component>
      <object_component id="oc-156">
         <name>.debug_info</name>
         <load_address>0x62ba9</load_address>
         <run_address>0x62ba9</run_address>
         <size>0x64f</size>
         <input_file_ref idref="fl-4d"/>
      </object_component>
      <object_component id="oc-15a">
         <name>.debug_info</name>
         <load_address>0x631f8</load_address>
         <run_address>0x631f8</run_address>
         <size>0x510</size>
         <input_file_ref idref="fl-4e"/>
      </object_component>
      <object_component id="oc-183">
         <name>.debug_info</name>
         <load_address>0x63708</load_address>
         <run_address>0x63708</run_address>
         <size>0x6e</size>
      </object_component>
      <object_component id="oc-15">
         <name>.debug_frame</name>
         <load_address>0x0</load_address>
         <run_address>0x0</run_address>
         <size>0x171</size>
         <input_file_ref idref="fl-2"/>
      </object_component>
      <object_component id="oc-1b">
         <name>.debug_frame</name>
         <load_address>0x171</load_address>
         <run_address>0x171</run_address>
         <size>0x121</size>
         <input_file_ref idref="fl-3"/>
      </object_component>
      <object_component id="oc-22">
         <name>.debug_frame</name>
         <load_address>0x292</load_address>
         <run_address>0x292</run_address>
         <size>0x16a</size>
         <input_file_ref idref="fl-4"/>
      </object_component>
      <object_component id="oc-27">
         <name>.debug_frame</name>
         <load_address>0x3fc</load_address>
         <run_address>0x3fc</run_address>
         <size>0x102</size>
         <input_file_ref idref="fl-5"/>
      </object_component>
      <object_component id="oc-2f">
         <name>.debug_frame</name>
         <load_address>0x4fe</load_address>
         <run_address>0x4fe</run_address>
         <size>0x113</size>
         <input_file_ref idref="fl-6"/>
      </object_component>
      <object_component id="oc-35">
         <name>.debug_frame</name>
         <load_address>0x611</load_address>
         <run_address>0x611</run_address>
         <size>0x13b</size>
         <input_file_ref idref="fl-7"/>
      </object_component>
      <object_component id="oc-3b">
         <name>.debug_frame</name>
         <load_address>0x74c</load_address>
         <run_address>0x74c</run_address>
         <size>0x159</size>
         <input_file_ref idref="fl-8"/>
      </object_component>
      <object_component id="oc-42">
         <name>.debug_frame</name>
         <load_address>0x8a5</load_address>
         <run_address>0x8a5</run_address>
         <size>0x102</size>
         <input_file_ref idref="fl-11"/>
      </object_component>
      <object_component id="oc-47">
         <name>.debug_frame</name>
         <load_address>0x9a7</load_address>
         <run_address>0x9a7</run_address>
         <size>0x13a</size>
         <input_file_ref idref="fl-12"/>
      </object_component>
      <object_component id="oc-4d">
         <name>.debug_frame</name>
         <load_address>0xae1</load_address>
         <run_address>0xae1</run_address>
         <size>0x171</size>
         <input_file_ref idref="fl-13"/>
      </object_component>
      <object_component id="oc-52">
         <name>.debug_frame</name>
         <load_address>0xc52</load_address>
         <run_address>0xc52</run_address>
         <size>0x138</size>
         <input_file_ref idref="fl-14"/>
      </object_component>
      <object_component id="oc-58">
         <name>.debug_frame</name>
         <load_address>0xd8a</load_address>
         <run_address>0xd8a</run_address>
         <size>0x138</size>
         <input_file_ref idref="fl-15"/>
      </object_component>
      <object_component id="oc-5d">
         <name>.debug_frame</name>
         <load_address>0xec2</load_address>
         <run_address>0xec2</run_address>
         <size>0x116</size>
         <input_file_ref idref="fl-16"/>
      </object_component>
      <object_component id="oc-67">
         <name>.debug_frame</name>
         <load_address>0xfd8</load_address>
         <run_address>0xfd8</run_address>
         <size>0x272</size>
         <input_file_ref idref="fl-18"/>
      </object_component>
      <object_component id="oc-71">
         <name>.debug_frame</name>
         <load_address>0x124a</load_address>
         <run_address>0x124a</run_address>
         <size>0x2a1</size>
         <input_file_ref idref="fl-1a"/>
      </object_component>
      <object_component id="oc-78">
         <name>.debug_frame</name>
         <load_address>0x14eb</load_address>
         <run_address>0x14eb</run_address>
         <size>0x197</size>
         <input_file_ref idref="fl-1b"/>
      </object_component>
      <object_component id="oc-7e">
         <name>.debug_frame</name>
         <load_address>0x1682</load_address>
         <run_address>0x1682</run_address>
         <size>0x1ef</size>
         <input_file_ref idref="fl-1c"/>
      </object_component>
      <object_component id="oc-83">
         <name>.debug_frame</name>
         <load_address>0x1871</load_address>
         <run_address>0x1871</run_address>
         <size>0x224</size>
         <input_file_ref idref="fl-1d"/>
      </object_component>
      <object_component id="oc-16">
         <name>.debug_line</name>
         <load_address>0x0</load_address>
         <run_address>0x0</run_address>
         <size>0xd0</size>
         <input_file_ref idref="fl-2"/>
      </object_component>
      <object_component id="oc-1c">
         <name>.debug_line</name>
         <load_address>0xd0</load_address>
         <run_address>0xd0</run_address>
         <size>0x253</size>
         <input_file_ref idref="fl-3"/>
      </object_component>
      <object_component id="oc-23">
         <name>.debug_line</name>
         <load_address>0x323</load_address>
         <run_address>0x323</run_address>
         <size>0x198</size>
         <input_file_ref idref="fl-4"/>
      </object_component>
      <object_component id="oc-28">
         <name>.debug_line</name>
         <load_address>0x4bb</load_address>
         <run_address>0x4bb</run_address>
         <size>0x6e</size>
         <input_file_ref idref="fl-5"/>
      </object_component>
      <object_component id="oc-30">
         <name>.debug_line</name>
         <load_address>0x529</load_address>
         <run_address>0x529</run_address>
         <size>0x1d2</size>
         <input_file_ref idref="fl-6"/>
      </object_component>
      <object_component id="oc-36">
         <name>.debug_line</name>
         <load_address>0x6fb</load_address>
         <run_address>0x6fb</run_address>
         <size>0x1d6</size>
         <input_file_ref idref="fl-7"/>
      </object_component>
      <object_component id="oc-3c">
         <name>.debug_line</name>
         <load_address>0x8d1</load_address>
         <run_address>0x8d1</run_address>
         <size>0x138</size>
         <input_file_ref idref="fl-8"/>
      </object_component>
      <object_component id="oc-43">
         <name>.debug_line</name>
         <load_address>0xa09</load_address>
         <run_address>0xa09</run_address>
         <size>0x66e</size>
         <input_file_ref idref="fl-11"/>
      </object_component>
      <object_component id="oc-48">
         <name>.debug_line</name>
         <load_address>0x1077</load_address>
         <run_address>0x1077</run_address>
         <size>0x6ca</size>
         <input_file_ref idref="fl-12"/>
      </object_component>
      <object_component id="oc-4e">
         <name>.debug_line</name>
         <load_address>0x1741</load_address>
         <run_address>0x1741</run_address>
         <size>0x69c</size>
         <input_file_ref idref="fl-13"/>
      </object_component>
      <object_component id="oc-53">
         <name>.debug_line</name>
         <load_address>0x1ddd</load_address>
         <run_address>0x1ddd</run_address>
         <size>0x659</size>
         <input_file_ref idref="fl-14"/>
      </object_component>
      <object_component id="oc-59">
         <name>.debug_line</name>
         <load_address>0x2436</load_address>
         <run_address>0x2436</run_address>
         <size>0x653</size>
         <input_file_ref idref="fl-15"/>
      </object_component>
      <object_component id="oc-5e">
         <name>.debug_line</name>
         <load_address>0x2a89</load_address>
         <run_address>0x2a89</run_address>
         <size>0x59c</size>
         <input_file_ref idref="fl-16"/>
      </object_component>
      <object_component id="oc-63">
         <name>.debug_line</name>
         <load_address>0x3025</load_address>
         <run_address>0x3025</run_address>
         <size>0xa8</size>
         <input_file_ref idref="fl-17"/>
      </object_component>
      <object_component id="oc-68">
         <name>.debug_line</name>
         <load_address>0x30cd</load_address>
         <run_address>0x30cd</run_address>
         <size>0x94b</size>
         <input_file_ref idref="fl-18"/>
      </object_component>
      <object_component id="oc-6c">
         <name>.debug_line</name>
         <load_address>0x3a18</load_address>
         <run_address>0x3a18</run_address>
         <size>0xab</size>
         <input_file_ref idref="fl-19"/>
      </object_component>
      <object_component id="oc-72">
         <name>.debug_line</name>
         <load_address>0x3ac3</load_address>
         <run_address>0x3ac3</run_address>
         <size>0x83c</size>
         <input_file_ref idref="fl-1a"/>
      </object_component>
      <object_component id="oc-79">
         <name>.debug_line</name>
         <load_address>0x42ff</load_address>
         <run_address>0x42ff</run_address>
         <size>0x94c</size>
         <input_file_ref idref="fl-1b"/>
      </object_component>
      <object_component id="oc-7f">
         <name>.debug_line</name>
         <load_address>0x4c4b</load_address>
         <run_address>0x4c4b</run_address>
         <size>0x96d</size>
         <input_file_ref idref="fl-1c"/>
      </object_component>
      <object_component id="oc-84">
         <name>.debug_line</name>
         <load_address>0x55b8</load_address>
         <run_address>0x55b8</run_address>
         <size>0x7c8</size>
         <input_file_ref idref="fl-1d"/>
      </object_component>
      <object_component id="oc-88">
         <name>.debug_line</name>
         <load_address>0x5d80</load_address>
         <run_address>0x5d80</run_address>
         <size>0x5c</size>
         <input_file_ref idref="fl-1e"/>
      </object_component>
      <object_component id="oc-8c">
         <name>.debug_line</name>
         <load_address>0x5ddc</load_address>
         <run_address>0x5ddc</run_address>
         <size>0x54</size>
         <input_file_ref idref="fl-1f"/>
      </object_component>
      <object_component id="oc-91">
         <name>.debug_line</name>
         <load_address>0x5e30</load_address>
         <run_address>0x5e30</run_address>
         <size>0x37</size>
         <input_file_ref idref="fl-20"/>
      </object_component>
      <object_component id="oc-95">
         <name>.debug_line</name>
         <load_address>0x5e67</load_address>
         <run_address>0x5e67</run_address>
         <size>0xad</size>
         <input_file_ref idref="fl-21"/>
      </object_component>
      <object_component id="oc-99">
         <name>.debug_line</name>
         <load_address>0x5f14</load_address>
         <run_address>0x5f14</run_address>
         <size>0x5b</size>
         <input_file_ref idref="fl-22"/>
      </object_component>
      <object_component id="oc-9d">
         <name>.debug_line</name>
         <load_address>0x5f6f</load_address>
         <run_address>0x5f6f</run_address>
         <size>0x44</size>
         <input_file_ref idref="fl-23"/>
      </object_component>
      <object_component id="oc-a4">
         <name>.debug_line</name>
         <load_address>0x5fb3</load_address>
         <run_address>0x5fb3</run_address>
         <size>0x51</size>
         <input_file_ref idref="fl-24"/>
      </object_component>
      <object_component id="oc-a8">
         <name>.debug_line</name>
         <load_address>0x6004</load_address>
         <run_address>0x6004</run_address>
         <size>0x3d</size>
         <input_file_ref idref="fl-25"/>
      </object_component>
      <object_component id="oc-ac">
         <name>.debug_line</name>
         <load_address>0x6041</load_address>
         <run_address>0x6041</run_address>
         <size>0x3d</size>
         <input_file_ref idref="fl-26"/>
      </object_component>
      <object_component id="oc-b0">
         <name>.debug_line</name>
         <load_address>0x607e</load_address>
         <run_address>0x607e</run_address>
         <size>0x3d</size>
         <input_file_ref idref="fl-27"/>
      </object_component>
      <object_component id="oc-b5">
         <name>.debug_line</name>
         <load_address>0x60bb</load_address>
         <run_address>0x60bb</run_address>
         <size>0x44</size>
         <input_file_ref idref="fl-28"/>
      </object_component>
      <object_component id="oc-b9">
         <name>.debug_line</name>
         <load_address>0x60ff</load_address>
         <run_address>0x60ff</run_address>
         <size>0x40</size>
         <input_file_ref idref="fl-29"/>
      </object_component>
      <object_component id="oc-bd">
         <name>.debug_line</name>
         <load_address>0x613f</load_address>
         <run_address>0x613f</run_address>
         <size>0x3c</size>
         <input_file_ref idref="fl-2a"/>
      </object_component>
      <object_component id="oc-c2">
         <name>.debug_line</name>
         <load_address>0x617b</load_address>
         <run_address>0x617b</run_address>
         <size>0x3c</size>
         <input_file_ref idref="fl-2b"/>
      </object_component>
      <object_component id="oc-c6">
         <name>.debug_line</name>
         <load_address>0x61b7</load_address>
         <run_address>0x61b7</run_address>
         <size>0x3c</size>
         <input_file_ref idref="fl-2c"/>
      </object_component>
      <object_component id="oc-ca">
         <name>.debug_line</name>
         <load_address>0x61f3</load_address>
         <run_address>0x61f3</run_address>
         <size>0x69</size>
         <input_file_ref idref="fl-2d"/>
      </object_component>
      <object_component id="oc-ce">
         <name>.debug_line</name>
         <load_address>0x625c</load_address>
         <run_address>0x625c</run_address>
         <size>0x44</size>
         <input_file_ref idref="fl-2e"/>
      </object_component>
      <object_component id="oc-d2">
         <name>.debug_line</name>
         <load_address>0x62a0</load_address>
         <run_address>0x62a0</run_address>
         <size>0x37</size>
         <input_file_ref idref="fl-2f"/>
      </object_component>
      <object_component id="oc-d6">
         <name>.debug_line</name>
         <load_address>0x62d7</load_address>
         <run_address>0x62d7</run_address>
         <size>0x37</size>
         <input_file_ref idref="fl-30"/>
      </object_component>
      <object_component id="oc-dc">
         <name>.debug_line</name>
         <load_address>0x630e</load_address>
         <run_address>0x630e</run_address>
         <size>0x57</size>
         <input_file_ref idref="fl-31"/>
      </object_component>
      <object_component id="oc-e2">
         <name>.debug_line</name>
         <load_address>0x6365</load_address>
         <run_address>0x6365</run_address>
         <size>0x328</size>
         <input_file_ref idref="fl-32"/>
      </object_component>
      <object_component id="oc-e6">
         <name>.debug_line</name>
         <load_address>0x668d</load_address>
         <run_address>0x668d</run_address>
         <size>0x41</size>
         <input_file_ref idref="fl-33"/>
      </object_component>
      <object_component id="oc-ea">
         <name>.debug_line</name>
         <load_address>0x66ce</load_address>
         <run_address>0x66ce</run_address>
         <size>0x46</size>
         <input_file_ref idref="fl-34"/>
      </object_component>
      <object_component id="oc-ee">
         <name>.debug_line</name>
         <load_address>0x6714</load_address>
         <run_address>0x6714</run_address>
         <size>0x55</size>
         <input_file_ref idref="fl-35"/>
      </object_component>
      <object_component id="oc-f8">
         <name>.debug_line</name>
         <load_address>0x6769</load_address>
         <run_address>0x6769</run_address>
         <size>0x56</size>
         <input_file_ref idref="fl-38"/>
      </object_component>
      <object_component id="oc-fd">
         <name>.debug_line</name>
         <load_address>0x67bf</load_address>
         <run_address>0x67bf</run_address>
[...]
      <symbol id="sm-470">
         <name>_I2C_getEventId</name>
         <value>0x221c4</value>
         <object_component_ref idref="oc-7b"/>
      </symbol>
      <symbol id="sm-471">
         <name>_i2cHandle</name>
         <value>0x6b64</value>
         <object_component_ref idref="oc-7c"/>
      </symbol>
      <symbol id="sm-4b6">
         <name>_GPIO_write</name>
         <value>0x238e3</value>
         <object_component_ref idref="oc-81"/>
      </symbol>
      <symbol id="sm-4b7">
         <name>_GPIO_read</name>
         <value>0x23860</value>
         <object_component_ref idref="oc-81"/>
      </symbol>
      <symbol id="sm-4b8">
         <name>_GPIO_close</name>
         <value>0x2372f</value>
         <object_component_ref idref="oc-81"/>
      </symbol>
      <symbol id="sm-4b9">
         <name>_GPIO_enableInt</name>
         <value>0x23b4c</value>
         <object_component_ref idref="oc-81"/>
      </symbol>
      <symbol id="sm-4ba">
         <name>_GPIO_clearInt</name>
         <value>0x23bd6</value>
         <object_component_ref idref="oc-81"/>
      </symbol>
      <symbol id="sm-4bb">
         <name>_GPIO_statusBit</name>
         <value>0x23c62</value>
         <object_component_ref idref="oc-81"/>
      </symbol>
      <symbol id="sm-4bc">
         <name>_GPIO_configBit</name>
         <value>0x23986</value>
         <object_component_ref idref="oc-81"/>
      </symbol>
      <symbol id="sm-4bd">
         <name>_GPIO_reset</name>
         <value>0x23ce9</value>
         <object_component_ref idref="oc-81"/>
      </symbol>
      <symbol id="sm-4be">
         <name>_GPIO_getConfig</name>
         <value>0x237d8</value>
         <object_component_ref idref="oc-81"/>
      </symbol>
      <symbol id="sm-4bf">
         <name>_GPIO_disableInt</name>
         <value>0x23ace</value>
         <object_component_ref idref="oc-81"/>
      </symbol>
      <symbol id="sm-4c0">
         <name>_GPIO_config</name>
         <value>0x23753</value>
         <object_component_ref idref="oc-81"/>
      </symbol>
      <symbol id="sm-4c1">
         <name>_GPIO_open</name>
         <value>0x236eb</value>
         <object_component_ref idref="oc-81"/>
      </symbol>
      <symbol id="sm-4cb">
         <name>__addd</name>
         <value>0x26d26</value>
         <object_component_ref idref="oc-86"/>
      </symbol>
      <symbol id="sm-4d7">
         <name>__sysstack</name>
         <value>0x20c0</value>
         <object_component_ref idref="oc-15d"/>
      </symbol>
      <symbol id="sm-4d8">
         <name>_c_int00</name>
         <value>0x28961</value>
         <object_component_ref idref="oc-10"/>
      </symbol>
      <symbol id="sm-4d9">
         <name>__stack</name>
         <value>0xc0</value>
         <object_component_ref idref="oc-8a"/>
      </symbol>
      <symbol id="sm-4e5">
         <name>_ceil</name>
         <value>0x2813a</value>
         <object_component_ref idref="oc-8e"/>
      </symbol>
      <symbol id="sm-4ef">
         <name>__eqld</name>
         <value>0x270de</value>
         <object_component_ref idref="oc-93"/>
      </symbol>
      <symbol id="sm-4f0">
         <name>__cmpd</name>
         <value>0x27112</value>
         <object_component_ref idref="oc-93"/>
      </symbol>
      <symbol id="sm-4f1">
         <name>__neqd</name>
         <value>0x26f80</value>
         <object_component_ref idref="oc-93"/>
      </symbol>
      <symbol id="sm-4f2">
         <name>__gtrd</name>
         <value>0x27049</value>
         <object_component_ref idref="oc-93"/>
      </symbol>
      <symbol id="sm-4f3">
         <name>__geqd</name>
         <value>0x27094</value>
         <object_component_ref idref="oc-93"/>
      </symbol>
      <symbol id="sm-4f4">
         <name>__leqd</name>
         <value>0x26ffc</value>
         <object_component_ref idref="oc-93"/>
      </symbol>
      <symbol id="sm-4f5">
         <name>__lssd</name>
         <value>0x26fb4</value>
         <object_component_ref idref="oc-93"/>
      </symbol>
      <symbol id="sm-501">
         <name>__divd</name>
         <value>0x25be7</value>
         <object_component_ref idref="oc-97"/>
      </symbol>
      <symbol id="sm-50c">
         <name>__divul</name>
         <value>0x27f7f</value>
         <object_component_ref idref="oc-9b"/>
      </symbol>
      <symbol id="sm-51c">
         <name>C$$EXIT</name>
         <value>0x28a86</value>
         <object_component_ref idref="oc-a3"/>
      </symbol>
      <symbol id="sm-51d">
         <name>_exit</name>
         <value>0x28923</value>
         <object_component_ref idref="oc-9f"/>
      </symbol>
      <symbol id="sm-51e">
         <name>_abort</name>
         <value>0x28a85</value>
         <object_component_ref idref="oc-a3"/>
      </symbol>
      <symbol id="sm-51f">
         <name>__cleanup_ptr</name>
         <value>0x6b94</value>
         <object_component_ref idref="oc-a0"/>
      </symbol>
      <symbol id="sm-520">
         <name>__dtors_ptr</name>
         <value>0x6b98</value>
         <object_component_ref idref="oc-a0"/>
      </symbol>
      <symbol id="sm-52a">
         <name>__fixdi</name>
         <value>0x28995</value>
         <object_component_ref idref="oc-a6"/>
      </symbol>
      <symbol id="sm-534">
         <name>__fixdli</name>
         <value>0x2849e</value>
         <object_component_ref idref="oc-aa"/>
      </symbol>
      <symbol id="sm-53e">
         <name>__fltid</name>
         <value>0x28a6f</value>
         <object_component_ref idref="oc-ae"/>
      </symbol>
      <symbol id="sm-54a">
         <name>__fltlid</name>
         <value>0x28652</value>
         <object_component_ref idref="oc-b2"/>
      </symbol>
      <symbol id="sm-554">
         <name>__frcmpyd_div</name>
         <value>0x283b9</value>
         <object_component_ref idref="oc-b7"/>
      </symbol>
      <symbol id="sm-55c">
         <name>__mpyli</name>
         <value>0x28a3a</value>
         <object_component_ref idref="oc-bb"/>
      </symbol>
      <symbol id="sm-55d">
         <name>I$$LMPY</name>
         <value>0x28a3a</value>
         <object_component_ref idref="oc-bb"/>
      </symbol>
      <symbol id="sm-569">
         <name>_modf</name>
         <value>0x27d60</value>
         <object_component_ref idref="oc-bf"/>
      </symbol>
      <symbol id="sm-573">
         <name>__mpyd</name>
         <value>0x275d9</value>
         <object_component_ref idref="oc-c4"/>
      </symbol>
      <symbol id="sm-57d">
         <name>_printf</name>
         <value>0x28769</value>
         <object_component_ref idref="oc-c8"/>
      </symbol>
      <symbol id="sm-588">
         <name>__remul</name>
         <value>0x2842c</value>
         <object_component_ref idref="oc-cc"/>
      </symbol>
      <symbol id="sm-592">
         <name>__subd</name>
         <value>0x28a26</value>
         <object_component_ref idref="oc-d0"/>
      </symbol>
      <symbol id="sm-59c">
         <name>_Reset</name>
         <value>0x4ff00</value>
         <object_component_ref idref="oc-11"/>
      </symbol>
      <symbol id="sm-5aa">
         <name>__unlock</name>
         <value>0x6b90</value>
         <object_component_ref idref="oc-d9"/>
      </symbol>
      <symbol id="sm-5ab">
         <name>__lock</name>
         <value>0x6b8c</value>
         <object_component_ref idref="oc-d9"/>
      </symbol>
      <symbol id="sm-5ac">
         <name>__register_lock</name>
         <value>0x28a55</value>
         <object_component_ref idref="oc-d8"/>
      </symbol>
      <symbol id="sm-5ad">
         <name>__nop</name>
         <value>0x28a5d</value>
         <object_component_ref idref="oc-d8"/>
      </symbol>
      <symbol id="sm-5ae">
         <name>__register_unlock</name>
         <value>0x28a4d</value>
         <object_component_ref idref="oc-d8"/>
      </symbol>
      <symbol id="sm-5c0">
         <name>__printfi</name>
         <value>0x21362</value>
         <object_component_ref idref="oc-de"/>
      </symbol>
      <symbol id="sm-5ca">
         <name>__args_main</name>
         <value>0x28806</value>
         <object_component_ref idref="oc-e4"/>
      </symbol>
      <symbol id="sm-5cb">
         <name>__TI_args_main</name>
         <value>0x1</value>
      </symbol>
      <symbol id="sm-5d5">
         <name>_atoi</name>
         <value>0x286b9</value>
         <object_component_ref idref="oc-e8"/>
      </symbol>
      <symbol id="sm-5dd">
         <name>_auto_init</name>
         <value>0x287b9</value>
         <object_component_ref idref="oc-ec"/>
      </symbol>
      <symbol id="sm-5e5">
         <name>__ctypes_</name>
         <value>0x6e8c</value>
         <object_component_ref idref="oc-162"/>
      </symbol>
      <symbol id="sm-5ef">
         <name>__tmpnams</name>
         <value>0x6620</value>
         <object_component_ref idref="oc-f2"/>
      </symbol>
      <symbol id="sm-5f0">
         <name>__ft_end</name>
         <value>0x6760</value>
         <object_component_ref idref="oc-f2"/>
      </symbol>
      <symbol id="sm-5f1">
         <name>__ftable</name>
         <value>0x6530</value>
         <object_component_ref idref="oc-f2"/>
      </symbol>
      <symbol id="sm-5fb">
         <name>_putchar</name>
         <value>0x27f70</value>
         <object_component_ref idref="oc-f6"/>
      </symbol>
      <symbol id="sm-5fc">
         <name>_putc</name>
         <value>0x27ed9</value>
         <object_component_ref idref="oc-f6"/>
      </symbol>
      <symbol id="sm-5fd">
         <name>_fputc</name>
         <value>0x27ed9</value>
         <object_component_ref idref="oc-f6"/>
      </symbol>
      <symbol id="sm-60b">
         <name>_puts</name>
         <value>0x275ab</value>
         <object_component_ref idref="oc-fa"/>
      </symbol>
      <symbol id="sm-60c">
         <name>_fputs</name>
         <value>0x27476</value>
         <object_component_ref idref="oc-fa"/>
      </symbol>
      <symbol id="sm-616">
         <name>__frcmpyd</name>
         <value>0x28343</value>
         <object_component_ref idref="oc-ff"/>
      </symbol>
      <symbol id="sm-620">
         <name>___isinf</name>
         <value>0x28a0c</value>
         <object_component_ref idref="oc-103"/>
      </symbol>
      <symbol id="sm-62a">
         <name>__divull</name>
         <value>0x26bfd</value>
         <object_component_ref idref="oc-107"/>
      </symbol>
      <symbol id="sm-62b">
         <name>__mpylli</name>
         <value>0x26b45</value>
         <object_component_ref idref="oc-107"/>
      </symbol>
      <symbol id="sm-62c">
         <name>__remlli</name>
         <value>0x26b16</value>
         <object_component_ref idref="oc-107"/>
      </symbol>
      <symbol id="sm-62d">
         <name>__divlli</name>
         <value>0x26cf1</value>
         <object_component_ref idref="oc-107"/>
      </symbol>
      <symbol id="sm-62e">
         <name>__remull</name>
         <value>0x26ac8</value>
         <object_component_ref idref="oc-107"/>
      </symbol>
      <symbol id="sm-640">
         <name>_add_device</name>
         <value>0x24cd4</value>
         <object_component_ref idref="oc-10b"/>
      </symbol>
      <symbol id="sm-641">
         <name>_rename</name>
         <value>0x249f6</value>
         <object_component_ref idref="oc-10b"/>
      </symbol>
      <symbol id="sm-642">
         <name>_read</name>
         <value>0x24a85</value>
         <object_component_ref idref="oc-10b"/>
      </symbol>
      <symbol id="sm-643">
         <name>_unlink</name>
         <value>0x249c3</value>
         <object_component_ref idref="oc-10b"/>
      </symbol>
      <symbol id="sm-644">
         <name>_remove_device</name>
         <value>0x24a4f</value>
         <object_component_ref idref="oc-10b"/>
      </symbol>
      <symbol id="sm-645">
         <name>_open</name>
         <value>0x24b33</value>
         <object_component_ref idref="oc-10b"/>
      </symbol>
      <symbol id="sm-646">
         <name>_find_registered_device</name>
         <value>0x24c58</value>
         <object_component_ref idref="oc-10b"/>
      </symbol>
      <symbol id="sm-647">
         <name>_lseek</name>
         <value>0x24bf2</value>
         <object_component_ref idref="oc-10b"/>
      </symbol>
      <symbol id="sm-648">
         <name>_close</name>
         <value>0x24c61</value>
         <object_component_ref idref="oc-10b"/>
      </symbol>
      <symbol id="sm-649">
         <name>_write</name>
         <value>0x24881</value>
         <object_component_ref idref="oc-10b"/>
      </symbol>
      <symbol id="sm-653">
         <name>_ltoa</name>
         <value>0x2824b</value>
         <object_component_ref idref="oc-111"/>
      </symbol>
      <symbol id="sm-65e">
         <name>_memccpy</name>
         <value>0x289e9</value>
         <object_component_ref idref="oc-115"/>
      </symbol>
      <symbol id="sm-666">
         <name>_memcpy</name>
         <value>0x288e4</value>
         <object_component_ref idref="oc-119"/>
      </symbol>
      <symbol id="sm-670">
         <name>__negd</name>
         <value>0x28a5f</value>
         <object_component_ref idref="oc-11d"/>
      </symbol>
      <symbol id="sm-67a">
         <name>__remli</name>
         <value>0x28851</value>
         <object_component_ref idref="oc-121"/>
      </symbol>
      <symbol id="sm-686">
         <name>_HOSTopen</name>
         <value>0x250cf</value>
         <object_component_ref idref="oc-125"/>
      </symbol>
      <symbol id="sm-687">
         <name>_HOSTread</name>
         <value>0x25042</value>
         <object_component_ref idref="oc-125"/>
      </symbol>
      <symbol id="sm-688">
         <name>_HOSTtime</name>
         <value>0x24f36</value>
         <object_component_ref idref="oc-125"/>
      </symbol>
      <symbol id="sm-689">
         <name>_getenv</name>
         <value>0x24dc4</value>
         <object_component_ref idref="oc-125"/>
      </symbol>
      <symbol id="sm-68a">
         <name>_HOSTrename</name>
         <value>0x24f94</value>
         <object_component_ref idref="oc-125"/>
      </symbol>
      <symbol id="sm-68b">
         <name>_HOSTclock</name>
         <value>0x2528e</value>
         <object_component_ref idref="oc-125"/>
      </symbol>
      <symbol id="sm-68c">
         <name>_HOSTwrite</name>
         <value>0x24e3f</value>
         <object_component_ref idref="oc-125"/>
      </symbol>
      <symbol id="sm-68d">
         <name>_HOSTlseek</name>
         <value>0x2516e</value>
         <object_component_ref idref="oc-125"/>
      </symbol>
      <symbol id="sm-68e">
         <name>_HOSTunlink</name>
         <value>0x24ecc</value>
         <object_component_ref idref="oc-125"/>
      </symbol>
      <symbol id="sm-68f">
         <name>_HOSTclose</name>
         <value>0x25223</value>
         <object_component_ref idref="oc-125"/>
      </symbol>
      <symbol id="sm-6a1">
         <name>C$$IO$$</name>
         <value>0x27ed4</value>
         <object_component_ref idref="oc-12d"/>
      </symbol>
      <symbol id="sm-6a2">
         <name>__CIOBUF_</name>
         <value>0x40000</value>
         <object_component_ref idref="oc-12c"/>
      </symbol>
      <symbol id="sm-6a3">
         <name>_readmsg</name>
         <value>0x2857a</value>
         <object_component_ref idref="oc-12a"/>
      </symbol>
      <symbol id="sm-6a4">
         <name>_writemsg</name>
         <value>0x27e1f</value>
         <object_component_ref idref="oc-12d"/>
      </symbol>
      <symbol id="sm-6ac">
         <name>__remu</name>
         <value>0x289d4</value>
         <object_component_ref idref="oc-130"/>
      </symbol>
      <symbol id="sm-6ad">
         <name>__divu</name>
         <value>0x289bf</value>
         <object_component_ref idref="oc-130"/>
      </symbol>
      <symbol id="sm-6ae">
         <name>I$$UMOD</name>
         <value>0x289d4</value>
         <object_component_ref idref="oc-130"/>
      </symbol>
      <symbol id="sm-6af">
         <name>I$$UDIV</name>
         <value>0x289bf</value>
         <object_component_ref idref="oc-130"/>
      </symbol>
      <symbol id="sm-6b9">
         <name>__rd_ok</name>
         <value>0x27ab2</value>
         <object_component_ref idref="oc-134"/>
      </symbol>
      <symbol id="sm-6ba">
         <name>__wrt_ok</name>
         <value>0x27a32</value>
         <object_component_ref idref="oc-134"/>
      </symbol>
      <symbol id="sm-6c4">
         <name>__divli</name>
         <value>0x2889c</value>
         <object_component_ref idref="oc-138"/>
      </symbol>
      <symbol id="sm-6ce">
         <name>__doflush</name>
         <value>0x27c9e</value>
         <object_component_ref idref="oc-13c"/>
      </symbol>
      <symbol id="sm-6cf">
         <name>_fflush</name>
         <value>0x27d07</value>
         <object_component_ref idref="oc-13c"/>
      </symbol>
      <symbol id="sm-6d9">
         <name>_fseek</name>
         <value>0x285e7</value>
         <object_component_ref idref="oc-140"/>
      </symbol>
      <symbol id="sm-6e3">
         <name>_setvbuf</name>
         <value>0x2794c</value>
         <object_component_ref idref="oc-144"/>
      </symbol>
      <symbol id="sm-6f2">
         <name>__cleanup</name>
         <value>0x2696a</value>
         <object_component_ref idref="oc-148"/>
      </symbol>
      <symbol id="sm-6f3">
         <name>_fopen</name>
         <value>0x26a8d</value>
         <object_component_ref idref="oc-148"/>
      </symbol>
      <symbol id="sm-6f4">
         <name>_freopen</name>
         <value>0x269c4</value>
         <object_component_ref idref="oc-148"/>
      </symbol>
      <symbol id="sm-704">
         <name>__sys_memory</name>
         <value>0x30c0</value>
         <object_component_ref idref="oc-152"/>
      </symbol>
      <symbol id="sm-705">
         <name>_chkheap</name>
         <value>0x25773</value>
         <object_component_ref idref="oc-14e"/>
      </symbol>
      <symbol id="sm-706">
         <name>_realloc</name>
         <value>0x25512</value>
         <object_component_ref idref="oc-14e"/>
      </symbol>
      <symbol id="sm-707">
         <name>_free_memory</name>
         <value>0x2571d</value>
         <object_component_ref idref="oc-14e"/>
      </symbol>
      <symbol id="sm-708">
         <name>_max_free</name>
         <value>0x256c3</value>
         <object_component_ref idref="oc-14e"/>
      </symbol>
      <symbol id="sm-709">
         <name>_free</name>
         <value>0x252ec</value>
         <object_component_ref idref="oc-14e"/>
      </symbol>
      <symbol id="sm-70a">
         <name>_calloc</name>
         <value>0x2577b</value>
         <object_component_ref idref="oc-14e"/>
      </symbol>
      <symbol id="sm-70b">
         <name>_malloc</name>
         <value>0x2541d</value>
         <object_component_ref idref="oc-14e"/>
      </symbol>
      <symbol id="sm-70c">
         <name>_minit</name>
         <value>0x253b8</value>
         <object_component_ref idref="oc-14e"/>
      </symbol>
      <symbol id="sm-716">
         <name>_fclose</name>
         <value>0x282c8</value>
         <object_component_ref idref="oc-155"/>
      </symbol>
      <symbol id="sm-720">
         <name>_remove</name>
         <value>0x28a7b</value>
         <object_component_ref idref="oc-159"/>
      </symbol>
   </symbol_table>
</link_info>
